RUN /dev/fd/63
java -jar ./tests/tools/grammatiker/BNF/lib/lib/grammatica-20190513.jar tests/generated/Filter.g --parse /dev/fd/63
Parse tree from /dev/fd/63:
Filter(9999)
  Expression(9999)
    ExpressionClause(9999)
      ExpressionPhrase(9999)
        Comparison(9999)
          IdentifierFirstComparison(9999)
            Identifier(9999)
              LowercaseLetter(9999)
                TOKEN_66(9999): "a", line: 1, col: 1
              LowercaseLetter(9999)
                TOKEN_66(9999): "a", line: 1, col: 2
              LowercaseLetter(9999)
                TOKEN_89(9999): "x", line: 1, col: 3
            ValueOpRhs(9999)
              Operator(9999)
                TOKEN_28(9999): "<", line: 1, col: 5
                TOKEN_29(9999): "=", line: 1, col: 6
              Value(9999)
                Number(9999)
                  Sign(9999)
                    TOKEN_11(9999): "+", line: 1, col: 8
                  TOKEN_14(9999): ".", line: 1, col: 9
                  Digits(9999)
                    Digit(9999)
                      TOKEN_17(9999): "1", line: 1, col: 10
                  Exponent(9999)
                    TOKEN_70(9999): "e", line: 1, col: 11
                    Digits(9999)
                      Digit(9999)
                        TOKEN_24(9999): "8", line: 1, col: 12
    OR(9999)
      TOKEN_47(9999): "O", line: 1, col: 14
      TOKEN_50(9999): "R", line: 1, col: 15
    Expression(9999)
      ExpressionClause(9999)
        ExpressionPhrase(9999)
          Comparison(9999)
            IdentifierFirstComparison(9999)
              Identifier(9999)
                LowercaseLetter(9999)
                  TOKEN_68(9999): "c", line: 1, col: 17
                Digit(9999)
                  TOKEN_18(9999): "2", line: 1, col: 18
                Digit(9999)
                  TOKEN_17(9999): "1", line: 1, col: 19
              ValueOpRhs(9999)
                Operator(9999)
                  TOKEN_30(9999): ">", line: 1, col: 21
                  TOKEN_29(9999): "=", line: 1, col: 22
                Value(9999)
                  Number(9999)
                    Digits(9999)
                      Digit(9999)
                        TOKEN_17(9999): "1", line: 1, col: 24
                      Digit(9999)
                        TOKEN_16(9999): "0", line: 1, col: 25
        AND(9999)
          TOKEN_33(9999): "A", line: 1, col: 27
          TOKEN_46(9999): "N", line: 1, col: 28
          TOKEN_36(9999): "D", line: 1, col: 29
        ExpressionClause(9999)
          ExpressionPhrase(9999)
            NOT(9999)
              TOKEN_46(9999): "N", line: 1, col: 31
              TOKEN_47(9999): "O", line: 1, col: 32
              TOKEN_52(9999): "T", line: 1, col: 33
            TOKEN_8(9999): "(", line: 1, col: 35
            Expression(9999)
              ExpressionClause(9999)
                ExpressionPhrase(9999)
                  Comparison(9999)
                    IdentifierFirstComparison(9999)
                      Identifier(9999)
                        LowercaseLetter(9999)
                          TOKEN_89(9999): "x", line: 1, col: 37
                      ValueOpRhs(9999)
                        Operator(9999)
                          TOKEN_2(9999): "!", line: 1, col: 39
                          TOKEN_29(9999): "=", line: 1, col: 40
                        Value(9999)
                          String(9999)
                            TOKEN_3(9999): """, line: 1, col: 42
                            EscapedChar(9999)
                              UnescapedChar(9999)
                                Letter(9999)
                                  UppercaseLetter(9999)
                                    TOKEN_51(9999): "S", line: 1, col: 43
                            EscapedChar(9999)
                              UnescapedChar(9999)
                                Letter(9999)
                                  LowercaseLetter(9999)
                                    TOKEN_80(9999): "o", line: 1, col: 44
                            EscapedChar(9999)
                              UnescapedChar(9999)
                                Letter(9999)
                                  LowercaseLetter(9999)
                                    TOKEN_78(9999): "m", line: 1, col: 45
                            EscapedChar(9999)
                              UnescapedChar(9999)
                                Letter(9999)
                                  LowercaseLetter(9999)
                                    TOKEN_70(9999): "e", line: 1, col: 46
                            EscapedChar(9999)
                              UnescapedChar(9999)
                                Letter(9999)
                                  LowercaseLetter(9999)
                                    TOKEN_84(9999): "s", line: 1, col: 48
                            EscapedChar(9999)
                              UnescapedChar(9999)
                                Letter(9999)
                                  LowercaseLetter(9999)
                                    TOKEN_85(9999): "t", line: 1, col: 49
                            EscapedChar(9999)
                              UnescapedChar(9999)
                                Letter(9999)
                                  LowercaseLetter(9999)
                                    TOKEN_83(9999): "r", line: 1, col: 50
                            EscapedChar(9999)
                              UnescapedChar(9999)
                                Letter(9999)
                                  LowercaseLetter(9999)
                                    TOKEN_74(9999): "i", line: 1, col: 51
                            EscapedChar(9999)
                              UnescapedChar(9999)
                                Letter(9999)
                                  LowercaseLetter(9999)
                                    TOKEN_79(9999): "n", line: 1, col: 52
                            EscapedChar(9999)
                              UnescapedChar(9999)
                                Letter(9999)
                                  LowercaseLetter(9999)
                                    TOKEN_72(9999): "g", line: 1, col: 53
                            TOKEN_3(9999): """, line: 1, col: 54
            TOKEN_9(9999): ")", line: 1, col: 56
