RUN /dev/fd/63
java -jar ./tests/tools/grammatiker/BNF/lib/lib/grammatica-20190513.jar tests/generated/Filter.g --parse /dev/fd/63
Parse tree from /dev/fd/63:
Filter(9999)
  Expression(9999)
    ExpressionClause(9999)
      ExpressionPhrase(9999)
        Comparison(9999)
          IdentifierFirstComparison(9999)
            Identifier(9999)
              Letter(9999)
                TOKEN_80(9999): "_", line: 1, col: 1
              Letter(9999)
                TOKEN_86(9999): "e", line: 1, col: 2
              Letter(9999)
                TOKEN_105(9999): "x", line: 1, col: 3
              Letter(9999)
                TOKEN_94(9999): "m", line: 1, col: 4
              Letter(9999)
                TOKEN_97(9999): "p", line: 1, col: 5
              Letter(9999)
                TOKEN_93(9999): "l", line: 1, col: 6
              Letter(9999)
                TOKEN_80(9999): "_", line: 1, col: 7
              Letter(9999)
                TOKEN_84(9999): "c", line: 1, col: 8
              Letter(9999)
                TOKEN_86(9999): "e", line: 1, col: 9
              Letter(9999)
                TOKEN_93(9999): "l", line: 1, col: 10
              Letter(9999)
                TOKEN_93(9999): "l", line: 1, col: 11
              Letter(9999)
                TOKEN_80(9999): "_", line: 1, col: 12
              Letter(9999)
                TOKEN_103(9999): "v", line: 1, col: 13
              Letter(9999)
                TOKEN_96(9999): "o", line: 1, col: 14
              Letter(9999)
                TOKEN_93(9999): "l", line: 1, col: 15
              Letter(9999)
                TOKEN_102(9999): "u", line: 1, col: 16
              Letter(9999)
                TOKEN_94(9999): "m", line: 1, col: 17
              Letter(9999)
                TOKEN_86(9999): "e", line: 1, col: 18
            ValueOpRhs(9999)
              Operator(9999)
                TOKEN_44(9999): "<", line: 1, col: 19
              Value(9999)
                Number(9999)
                  Digits(9999)
                    Digit(9999)
                      TOKEN_33(9999): "1", line: 1, col: 20
                    Digit(9999)
                      TOKEN_32(9999): "0", line: 1, col: 21
                    Digit(9999)
                      TOKEN_32(9999): "0", line: 1, col: 22
                  TOKEN_30(9999): ".", line: 1, col: 23
                  Digits(9999)
                    Digit(9999)
                      TOKEN_32(9999): "0", line: 1, col: 24
