RUN /dev/fd/63
java -jar ./tests/tools/grammatiker/BNF/lib/lib/grammatica-20190513.jar tests/generated/Filter.g --parse /dev/fd/63
Parse tree from /dev/fd/63:
Filter(9999)
  Expression(9999)
    ExpressionClause(9999)
      ExpressionPhrase(9999)
        TOKEN_24(9999): "(", line: 1, col: 1
        Expression(9999)
          ExpressionClause(9999)
            ExpressionPhrase(9999)
              TOKEN_24(9999): "(", line: 1, col: 2
              Expression(9999)
                ExpressionClause(9999)
                  ExpressionPhrase(9999)
                    NOT(9999)
                      TOKEN_11(9999): "NOT", line: 1, col: 3
                    TOKEN_24(9999): "(", line: 1, col: 7
                    Expression(9999)
                      ExpressionClause(9999)
                        ExpressionPhrase(9999)
                          Comparison(9999)
                            IdentifierFirstComparison(9999)
                              Identifier(9999)
                                Letter(9999)
                                  TOKEN_82(9999): "a", line: 1, col: 8
                              ValueOpRhs(9999)
                                Operator(9999)
                                  TOKEN_46(9999): ">", line: 1, col: 9
                                Value(9999)
                                  Identifier(9999)
                                    Letter(9999)
                                      TOKEN_83(9999): "b", line: 1, col: 10
                    TOKEN_25(9999): ")", line: 1, col: 11
              TOKEN_25(9999): ")", line: 1, col: 12
            AND(9999)
              TOKEN_2(9999): "AND", line: 1, col: 14
            ExpressionClause(9999)
              ExpressionPhrase(9999)
                NOT(9999)
                  TOKEN_11(9999): "NOT", line: 1, col: 18
                TOKEN_24(9999): "(", line: 1, col: 22
                Expression(9999)
                  ExpressionClause(9999)
                    ExpressionPhrase(9999)
                      TOKEN_24(9999): "(", line: 1, col: 23
                      Expression(9999)
                        ExpressionClause(9999)
                          ExpressionPhrase(9999)
                            Comparison(9999)
                              IdentifierFirstComparison(9999)
                                Identifier(9999)
                                  Letter(9999)
                                    TOKEN_105(9999): "x", line: 1, col: 24
                                ValueOpRhs(9999)
                                  Operator(9999)
                                    TOKEN_46(9999): ">", line: 1, col: 25
                                  Value(9999)
                                    Number(9999)
                                      Digits(9999)
                                        Digit(9999)
                                          TOKEN_32(9999): "0", line: 1, col: 26
                      TOKEN_25(9999): ")", line: 1, col: 27
                TOKEN_25(9999): ")", line: 1, col: 28
        TOKEN_25(9999): ")", line: 1, col: 29
