RUN /dev/fd/63
java -jar ./tests/tools/grammatiker/BNF/lib/lib/grammatica-20190513.jar tests/generated/Filter.g --parse /dev/fd/63
Parse tree from /dev/fd/63:
Filter(9999)
  Expression(9999)
    ExpressionClause(9999)
      ExpressionPhrase(9999)
        Comparison(9999)
          IdentifierFirstComparison(9999)
            Identifier(9999)
              LowercaseLetter(9999)
                TOKEN_79(9999): "n", line: 1, col: 1
              LowercaseLetter(9999)
                TOKEN_70(9999): "e", line: 1, col: 2
              LowercaseLetter(9999)
                TOKEN_77(9999): "l", line: 1, col: 3
              LowercaseLetter(9999)
                TOKEN_70(9999): "e", line: 1, col: 4
              LowercaseLetter(9999)
                TOKEN_78(9999): "m", line: 1, col: 5
              LowercaseLetter(9999)
                TOKEN_70(9999): "e", line: 1, col: 6
              LowercaseLetter(9999)
                TOKEN_79(9999): "n", line: 1, col: 7
              LowercaseLetter(9999)
                TOKEN_85(9999): "t", line: 1, col: 8
              LowercaseLetter(9999)
                TOKEN_84(9999): "s", line: 1, col: 9
            ValueOpRhs(9999)
              Operator(9999)
                TOKEN_29(9999): "=", line: 1, col: 11
              Value(9999)
                Number(9999)
                  Digits(9999)
                    Digit(9999)
                      TOKEN_20(9999): "4", line: 1, col: 13
                    Digit(9999)
                      TOKEN_18(9999): "2", line: 1, col: 14
      AND(9999)
        TOKEN_33(9999): "A", line: 1, col: 16
        TOKEN_46(9999): "N", line: 1, col: 17
        TOKEN_36(9999): "D", line: 1, col: 18
      ExpressionClause(9999)
        ExpressionPhrase(9999)
          Comparison(9999)
            IdentifierFirstComparison(9999)
              Identifier(9999)
                LowercaseLetter(9999)
                  TOKEN_79(9999): "n", line: 1, col: 20
                LowercaseLetter(9999)
                  TOKEN_70(9999): "e", line: 1, col: 21
                LowercaseLetter(9999)
                  TOKEN_77(9999): "l", line: 1, col: 22
                LowercaseLetter(9999)
                  TOKEN_70(9999): "e", line: 1, col: 23
                LowercaseLetter(9999)
                  TOKEN_78(9999): "m", line: 1, col: 24
                LowercaseLetter(9999)
                  TOKEN_70(9999): "e", line: 1, col: 25
                LowercaseLetter(9999)
                  TOKEN_79(9999): "n", line: 1, col: 26
                LowercaseLetter(9999)
                  TOKEN_85(9999): "t", line: 1, col: 27
                LowercaseLetter(9999)
                  TOKEN_84(9999): "s", line: 1, col: 28
              ValueOpRhs(9999)
                Operator(9999)
                  TOKEN_30(9999): ">", line: 1, col: 30
                Value(9999)
                  Number(9999)
                    Digits(9999)
                      Digit(9999)
                        TOKEN_20(9999): "4", line: 1, col: 32
                      Digit(9999)
                        TOKEN_18(9999): "2", line: 1, col: 33
        AND(9999)
          TOKEN_33(9999): "A", line: 1, col: 35
          TOKEN_46(9999): "N", line: 1, col: 36
          TOKEN_36(9999): "D", line: 1, col: 37
        ExpressionClause(9999)
          ExpressionPhrase(9999)
            Comparison(9999)
              IdentifierFirstComparison(9999)
                Identifier(9999)
                  LowercaseLetter(9999)
                    TOKEN_79(9999): "n", line: 1, col: 39
                  LowercaseLetter(9999)
                    TOKEN_70(9999): "e", line: 1, col: 40
                  LowercaseLetter(9999)
                    TOKEN_77(9999): "l", line: 1, col: 41
                  LowercaseLetter(9999)
                    TOKEN_70(9999): "e", line: 1, col: 42
                  LowercaseLetter(9999)
                    TOKEN_78(9999): "m", line: 1, col: 43
                  LowercaseLetter(9999)
                    TOKEN_70(9999): "e", line: 1, col: 44
                  LowercaseLetter(9999)
                    TOKEN_79(9999): "n", line: 1, col: 45
                  LowercaseLetter(9999)
                    TOKEN_85(9999): "t", line: 1, col: 46
                  LowercaseLetter(9999)
                    TOKEN_84(9999): "s", line: 1, col: 47
                ValueOpRhs(9999)
                  Operator(9999)
                    TOKEN_28(9999): "<", line: 1, col: 49
                  Value(9999)
                    Number(9999)
                      Digits(9999)
                        Digit(9999)
                          TOKEN_20(9999): "4", line: 1, col: 51
                        Digit(9999)
                          TOKEN_18(9999): "2", line: 1, col: 52
          AND(9999)
            TOKEN_33(9999): "A", line: 1, col: 54
            TOKEN_46(9999): "N", line: 1, col: 55
            TOKEN_36(9999): "D", line: 1, col: 56
          ExpressionClause(9999)
            ExpressionPhrase(9999)
              Comparison(9999)
                IdentifierFirstComparison(9999)
                  Identifier(9999)
                    LowercaseLetter(9999)
                      TOKEN_79(9999): "n", line: 1, col: 58
                    LowercaseLetter(9999)
                      TOKEN_70(9999): "e", line: 1, col: 59
                    LowercaseLetter(9999)
                      TOKEN_77(9999): "l", line: 1, col: 60
                    LowercaseLetter(9999)
                      TOKEN_70(9999): "e", line: 1, col: 61
                    LowercaseLetter(9999)
                      TOKEN_78(9999): "m", line: 1, col: 62
                    LowercaseLetter(9999)
                      TOKEN_70(9999): "e", line: 1, col: 63
                    LowercaseLetter(9999)
                      TOKEN_79(9999): "n", line: 1, col: 64
                    LowercaseLetter(9999)
                      TOKEN_85(9999): "t", line: 1, col: 65
                    LowercaseLetter(9999)
                      TOKEN_84(9999): "s", line: 1, col: 66
                  ValueOpRhs(9999)
                    Operator(9999)
                      TOKEN_2(9999): "!", line: 1, col: 68
                      TOKEN_29(9999): "=", line: 1, col: 69
                    Value(9999)
                      Number(9999)
                        Digits(9999)
                          Digit(9999)
                            TOKEN_20(9999): "4", line: 1, col: 71
                          Digit(9999)
                            TOKEN_18(9999): "2", line: 1, col: 72
            AND(9999)
              TOKEN_33(9999): "A", line: 1, col: 74
              TOKEN_46(9999): "N", line: 1, col: 75
              TOKEN_36(9999): "D", line: 1, col: 76
            ExpressionClause(9999)
              ExpressionPhrase(9999)
                Comparison(9999)
                  IdentifierFirstComparison(9999)
                    Identifier(9999)
                      LowercaseLetter(9999)
                        TOKEN_79(9999): "n", line: 1, col: 78
                      LowercaseLetter(9999)
                        TOKEN_70(9999): "e", line: 1, col: 79
                      LowercaseLetter(9999)
                        TOKEN_77(9999): "l", line: 1, col: 80
                      LowercaseLetter(9999)
                        TOKEN_70(9999): "e", line: 1, col: 81
                      LowercaseLetter(9999)
                        TOKEN_78(9999): "m", line: 1, col: 82
                      LowercaseLetter(9999)
                        TOKEN_70(9999): "e", line: 1, col: 83
                      LowercaseLetter(9999)
                        TOKEN_79(9999): "n", line: 1, col: 84
                      LowercaseLetter(9999)
                        TOKEN_85(9999): "t", line: 1, col: 85
                      LowercaseLetter(9999)
                        TOKEN_84(9999): "s", line: 1, col: 86
                    ValueOpRhs(9999)
                      Operator(9999)
                        TOKEN_30(9999): ">", line: 1, col: 88
                        TOKEN_29(9999): "=", line: 1, col: 89
                      Value(9999)
                        Number(9999)
                          Digits(9999)
                            Digit(9999)
                              TOKEN_20(9999): "4", line: 1, col: 91
                            Digit(9999)
                              TOKEN_18(9999): "2", line: 1, col: 92
              AND(9999)
                TOKEN_33(9999): "A", line: 1, col: 94
                TOKEN_46(9999): "N", line: 1, col: 95
                TOKEN_36(9999): "D", line: 1, col: 96
              ExpressionClause(9999)
                ExpressionPhrase(9999)
                  Comparison(9999)
                    IdentifierFirstComparison(9999)
                      Identifier(9999)
                        LowercaseLetter(9999)
                          TOKEN_79(9999): "n", line: 1, col: 98
                        LowercaseLetter(9999)
                          TOKEN_70(9999): "e", line: 1, col: 99
                        LowercaseLetter(9999)
                          TOKEN_77(9999): "l", line: 1, col: 100
                        LowercaseLetter(9999)
                          TOKEN_70(9999): "e", line: 1, col: 101
                        LowercaseLetter(9999)
                          TOKEN_78(9999): "m", line: 1, col: 102
                        LowercaseLetter(9999)
                          TOKEN_70(9999): "e", line: 1, col: 103
                        LowercaseLetter(9999)
                          TOKEN_79(9999): "n", line: 1, col: 104
                        LowercaseLetter(9999)
                          TOKEN_85(9999): "t", line: 1, col: 105
                        LowercaseLetter(9999)
                          TOKEN_84(9999): "s", line: 1, col: 106
                      ValueOpRhs(9999)
                        Operator(9999)
                          TOKEN_28(9999): "<", line: 1, col: 108
                          TOKEN_29(9999): "=", line: 1, col: 109
                        Value(9999)
                          Number(9999)
                            Digits(9999)
                              Digit(9999)
                                TOKEN_20(9999): "4", line: 1, col: 111
                              Digit(9999)
                                TOKEN_18(9999): "2", line: 1, col: 112
                AND(9999)
                  TOKEN_33(9999): "A", line: 1, col: 114
                  TOKEN_46(9999): "N", line: 1, col: 115
                  TOKEN_36(9999): "D", line: 1, col: 116
                ExpressionClause(9999)
                  ExpressionPhrase(9999)
                    Comparison(9999)
                      IdentifierFirstComparison(9999)
                        Identifier(9999)
                          LowercaseLetter(9999)
                            TOKEN_79(9999): "n", line: 1, col: 118
                          LowercaseLetter(9999)
                            TOKEN_70(9999): "e", line: 1, col: 119
                          LowercaseLetter(9999)
                            TOKEN_77(9999): "l", line: 1, col: 120
                          LowercaseLetter(9999)
                            TOKEN_70(9999): "e", line: 1, col: 121
                          LowercaseLetter(9999)
                            TOKEN_78(9999): "m", line: 1, col: 122
                          LowercaseLetter(9999)
                            TOKEN_70(9999): "e", line: 1, col: 123
                          LowercaseLetter(9999)
                            TOKEN_79(9999): "n", line: 1, col: 124
                          LowercaseLetter(9999)
                            TOKEN_85(9999): "t", line: 1, col: 125
                          LowercaseLetter(9999)
                            TOKEN_84(9999): "s", line: 1, col: 126
                        ValueOpRhs(9999)
                          Operator(9999)
                            TOKEN_28(9999): "<", line: 1, col: 128
Error: in /dev/fd/63: line 1:
    unexpected token ">", expected one of """, "+", "-", "0", "1",
    "2", "3", "4", "5", "6", "7", "8", "9", ".", "a", "b", "c", "d",
    "e", "f", "g", "h", "i", "j", "k", "l", "m", "n", "o", "p", "q",
    "r", "s", "t", "u", "v", "w", "x", "y", "z", or "_"
