RUN /dev/fd/63
java -jar ./tests/tools/grammatiker/BNF/lib/lib/grammatica-20190513.jar tests/generated/Filter.g --parse /dev/fd/63
Parse tree from /dev/fd/63:
Filter(9999)
  Expression(9999)
    ExpressionClause(9999)
      ExpressionPhrase(9999)
        NOT(9999)
          TOKEN_11(9999): "NOT", line: 1, col: 1
        TOKEN_24(9999): "(", line: 1, col: 5
        Expression(9999)
          ExpressionClause(9999)
            ExpressionPhrase(9999)
              Comparison(9999)
                IdentifierFirstComparison(9999)
                  Identifier(9999)
                    Letter(9999)
                      TOKEN_84(9999): "c", line: 1, col: 7
                    Letter(9999)
                      TOKEN_89(9999): "h", line: 1, col: 8
                    Letter(9999)
                      TOKEN_86(9999): "e", line: 1, col: 9
                    Letter(9999)
                      TOKEN_94(9999): "m", line: 1, col: 10
                    Letter(9999)
                      TOKEN_90(9999): "i", line: 1, col: 11
                    Letter(9999)
                      TOKEN_84(9999): "c", line: 1, col: 12
                    Letter(9999)
                      TOKEN_82(9999): "a", line: 1, col: 13
                    Letter(9999)
                      TOKEN_93(9999): "l", line: 1, col: 14
                    Letter(9999)
                      TOKEN_80(9999): "_", line: 1, col: 15
                    Letter(9999)
                      TOKEN_87(9999): "f", line: 1, col: 16
                    Letter(9999)
                      TOKEN_96(9999): "o", line: 1, col: 17
                    Letter(9999)
                      TOKEN_99(9999): "r", line: 1, col: 18
                    Letter(9999)
                      TOKEN_94(9999): "m", line: 1, col: 19
                    Letter(9999)
                      TOKEN_102(9999): "u", line: 1, col: 20
                    Letter(9999)
                      TOKEN_93(9999): "l", line: 1, col: 21
                    Letter(9999)
                      TOKEN_82(9999): "a", line: 1, col: 22
                  ValueOpRhs(9999)
                    Operator(9999)
                      TOKEN_45(9999): "=", line: 1, col: 24
                    Value(9999)
                      String(9999)
                        TOKEN_19(9999): """, line: 1, col: 26
                        EscapedChar(9999)
                          UnescapedChar(9999)
                            Letter(9999)
                              TOKEN_49(9999): "A", line: 1, col: 27
                        EscapedChar(9999)
                          UnescapedChar(9999)
                            Letter(9999)
                              TOKEN_93(9999): "l", line: 1, col: 28
                        TOKEN_19(9999): """, line: 1, col: 29
            AND(9999)
              TOKEN_2(9999): "AND", line: 1, col: 31
            ExpressionClause(9999)
              ExpressionPhrase(9999)
                Comparison(9999)
                  IdentifierFirstComparison(9999)
                    Identifier(9999)
                      Letter(9999)
                        TOKEN_97(9999): "p", line: 1, col: 35
                      Letter(9999)
                        TOKEN_99(9999): "r", line: 1, col: 36
                      Letter(9999)
                        TOKEN_96(9999): "o", line: 1, col: 37
                      Letter(9999)
                        TOKEN_101(9999): "t", line: 1, col: 38
                      Letter(9999)
                        TOKEN_96(9999): "o", line: 1, col: 39
                      Letter(9999)
                        TOKEN_101(9999): "t", line: 1, col: 40
                      Letter(9999)
                        TOKEN_106(9999): "y", line: 1, col: 41
                      Letter(9999)
                        TOKEN_97(9999): "p", line: 1, col: 42
                      Letter(9999)
                        TOKEN_86(9999): "e", line: 1, col: 43
                      Letter(9999)
                        TOKEN_80(9999): "_", line: 1, col: 44
                      Letter(9999)
                        TOKEN_87(9999): "f", line: 1, col: 45
                      Letter(9999)
                        TOKEN_96(9999): "o", line: 1, col: 46
                      Letter(9999)
                        TOKEN_99(9999): "r", line: 1, col: 47
                      Letter(9999)
                        TOKEN_94(9999): "m", line: 1, col: 48
                      Letter(9999)
                        TOKEN_102(9999): "u", line: 1, col: 49
                      Letter(9999)
                        TOKEN_93(9999): "l", line: 1, col: 50
                      Letter(9999)
                        TOKEN_82(9999): "a", line: 1, col: 51
                    ValueOpRhs(9999)
                      Operator(9999)
                        TOKEN_45(9999): "=", line: 1, col: 53
                      Value(9999)
                        String(9999)
                          TOKEN_19(9999): """, line: 1, col: 55
                          EscapedChar(9999)
                            UnescapedChar(9999)
                              Letter(9999)
                                TOKEN_49(9999): "A", line: 1, col: 56
                          TOKEN_19(9999): """, line: 1, col: 57
          OR(9999)
            TOKEN_13(9999): "OR", line: 1, col: 59
          Expression(9999)
            ExpressionClause(9999)
              ExpressionPhrase(9999)
                Comparison(9999)
                  IdentifierFirstComparison(9999)
                    Identifier(9999)
                      Letter(9999)
                        TOKEN_97(9999): "p", line: 1, col: 62
                      Letter(9999)
                        TOKEN_99(9999): "r", line: 1, col: 63
                      Letter(9999)
                        TOKEN_96(9999): "o", line: 1, col: 64
                      Letter(9999)
                        TOKEN_101(9999): "t", line: 1, col: 65
                      Letter(9999)
                        TOKEN_96(9999): "o", line: 1, col: 66
                      Letter(9999)
                        TOKEN_101(9999): "t", line: 1, col: 67
                      Letter(9999)
                        TOKEN_106(9999): "y", line: 1, col: 68
                      Letter(9999)
                        TOKEN_97(9999): "p", line: 1, col: 69
                      Letter(9999)
                        TOKEN_86(9999): "e", line: 1, col: 70
                      Letter(9999)
                        TOKEN_80(9999): "_", line: 1, col: 71
                      Letter(9999)
                        TOKEN_87(9999): "f", line: 1, col: 72
                      Letter(9999)
                        TOKEN_96(9999): "o", line: 1, col: 73
                      Letter(9999)
                        TOKEN_99(9999): "r", line: 1, col: 74
                      Letter(9999)
                        TOKEN_94(9999): "m", line: 1, col: 75
                      Letter(9999)
                        TOKEN_102(9999): "u", line: 1, col: 76
                      Letter(9999)
                        TOKEN_93(9999): "l", line: 1, col: 77
                      Letter(9999)
                        TOKEN_82(9999): "a", line: 1, col: 78
                    ValueOpRhs(9999)
                      Operator(9999)
                        TOKEN_45(9999): "=", line: 1, col: 80
                      Value(9999)
                        String(9999)
                          TOKEN_19(9999): """, line: 1, col: 82
                          EscapedChar(9999)
                            UnescapedChar(9999)
                              Letter(9999)
                                TOKEN_56(9999): "H", line: 1, col: 83
                          EscapedChar(9999)
                            UnescapedChar(9999)
                              Digit(9999)
                                TOKEN_34(9999): "2", line: 1, col: 84
                          EscapedChar(9999)
                            UnescapedChar(9999)
                              Letter(9999)
                                TOKEN_63(9999): "O", line: 1, col: 85
                          TOKEN_19(9999): """, line: 1, col: 86
              AND(9999)
                TOKEN_2(9999): "AND", line: 1, col: 88
              ExpressionClause(9999)
                ExpressionPhrase(9999)
                  NOT(9999)
                    TOKEN_11(9999): "NOT", line: 1, col: 92
                  Comparison(9999)
                    IdentifierFirstComparison(9999)
                      Identifier(9999)
                        Letter(9999)
                          TOKEN_84(9999): "c", line: 1, col: 96
                        Letter(9999)
                          TOKEN_89(9999): "h", line: 1, col: 97
                        Letter(9999)
                          TOKEN_86(9999): "e", line: 1, col: 98
                        Letter(9999)
                          TOKEN_94(9999): "m", line: 1, col: 99
                        Letter(9999)
                          TOKEN_90(9999): "i", line: 1, col: 100
                        Letter(9999)
                          TOKEN_84(9999): "c", line: 1, col: 101
                        Letter(9999)
                          TOKEN_82(9999): "a", line: 1, col: 102
                        Letter(9999)
                          TOKEN_93(9999): "l", line: 1, col: 103
                        Letter(9999)
                          TOKEN_80(9999): "_", line: 1, col: 104
                        Letter(9999)
                          TOKEN_87(9999): "f", line: 1, col: 105
                        Letter(9999)
                          TOKEN_96(9999): "o", line: 1, col: 106
                        Letter(9999)
                          TOKEN_99(9999): "r", line: 1, col: 107
                        Letter(9999)
                          TOKEN_94(9999): "m", line: 1, col: 108
                        Letter(9999)
                          TOKEN_102(9999): "u", line: 1, col: 109
                        Letter(9999)
                          TOKEN_93(9999): "l", line: 1, col: 110
                        Letter(9999)
                          TOKEN_82(9999): "a", line: 1, col: 111
                      ValueOpRhs(9999)
                        Operator(9999)
                          TOKEN_45(9999): "=", line: 1, col: 113
                        Value(9999)
                          String(9999)
                            TOKEN_19(9999): """, line: 1, col: 115
                            EscapedChar(9999)
                              UnescapedChar(9999)
                                Letter(9999)
                                  TOKEN_68(9999): "T", line: 1, col: 116
                            EscapedChar(9999)
                              UnescapedChar(9999)
                                Letter(9999)
                                  TOKEN_90(9999): "i", line: 1, col: 117
                            TOKEN_19(9999): """, line: 1, col: 118
        TOKEN_25(9999): ")", line: 1, col: 120
