RUN /dev/fd/63
java -jar ./tests/tools/grammatiker/BNF/lib/lib/grammatica-20190513.jar tests/generated/Filter.g --parse /dev/fd/63
Parse tree from /dev/fd/63:
Filter(9999)
  Expression(9999)
    ExpressionClause(9999)
      ExpressionPhrase(9999)
        TOKEN_8(9999): "(", line: 1, col: 1
        Expression(9999)
          ExpressionClause(9999)
            ExpressionPhrase(9999)
              NOT(9999)
                TOKEN_46(9999): "N", line: 1, col: 2
                TOKEN_47(9999): "O", line: 1, col: 3
                TOKEN_52(9999): "T", line: 1, col: 4
                Spaces(9999)
                  Space(9999)
                    TOKEN_1(9999): " ", line: 1, col: 5
              Comparison(9999)
                IdentifierFirstComparison(9999)
                  Identifier(9999)
                    LowercaseLetter(9999)
                      TOKEN_66(9999): "a", line: 1, col: 6
                  ValueOpRhs(9999)
                    Operator(9999)
                      TOKEN_30(9999): ">", line: 1, col: 7
                    Value(9999)
                      Identifier(9999)
                        LowercaseLetter(9999)
                          TOKEN_67(9999): "b", line: 1, col: 8
                        Spaces(9999)
                          Space(9999)
                            TOKEN_1(9999): " ", line: 1, col: 9
            AND(9999)
              TOKEN_33(9999): "A", line: 1, col: 10
              TOKEN_46(9999): "N", line: 1, col: 11
              TOKEN_36(9999): "D", line: 1, col: 12
              Spaces(9999)
                Space(9999)
                  TOKEN_1(9999): " ", line: 1, col: 13
            ExpressionClause(9999)
              ExpressionPhrase(9999)
                Comparison(9999)
                  IdentifierFirstComparison(9999)
                    Identifier(9999)
                      LowercaseLetter(9999)
                        TOKEN_89(9999): "x", line: 1, col: 14
                    ValueOpRhs(9999)
                      Operator(9999)
                        TOKEN_30(9999): ">", line: 1, col: 15
                      Value(9999)
                        Number(9999)
                          Digits(9999)
                            Digit(9999)
                              TOKEN_16(9999): "0", line: 1, col: 16
        TOKEN_9(9999): ")", line: 1, col: 17
