RUN /dev/fd/63
java -jar ./tests/tools/grammatiker/BNF/lib/lib/grammatica-20190513.jar tests/generated/Filter.g --parse /dev/fd/63
Parse tree from /dev/fd/63:
Filter(9999)
  Expression(9999)
    ExpressionClause(9999)
      ExpressionPhrase(9999)
        Comparison(9999)
          Identifier(9999)
            Letter(9999)
              TOKEN_94(9999): "n", line: 1, col: 1
            Letter(9999)
              TOKEN_85(9999): "e", line: 1, col: 2
            Letter(9999)
              TOKEN_92(9999): "l", line: 1, col: 3
            Letter(9999)
              TOKEN_85(9999): "e", line: 1, col: 4
            Letter(9999)
              TOKEN_93(9999): "m", line: 1, col: 5
            Letter(9999)
              TOKEN_85(9999): "e", line: 1, col: 6
            Letter(9999)
              TOKEN_94(9999): "n", line: 1, col: 7
            Letter(9999)
              TOKEN_100(9999): "t", line: 1, col: 8
            Letter(9999)
              TOKEN_99(9999): "s", line: 1, col: 9
          ValueOpRhs(9999)
            Operator(9999)
              TOKEN_44(9999): "=", line: 1, col: 11
            Value(9999)
              Number(9999)
                Digits(9999)
                  Digit(9999)
                    TOKEN_35(9999): "4", line: 1, col: 13
                  Digit(9999)
                    TOKEN_33(9999): "2", line: 1, col: 14
      AND(9999)
        TOKEN_2(9999): "AND", line: 1, col: 16
      ExpressionClause(9999)
        ExpressionPhrase(9999)
          Comparison(9999)
            Identifier(9999)
              Letter(9999)
                TOKEN_94(9999): "n", line: 1, col: 20
              Letter(9999)
                TOKEN_85(9999): "e", line: 1, col: 21
              Letter(9999)
                TOKEN_92(9999): "l", line: 1, col: 22
              Letter(9999)
                TOKEN_85(9999): "e", line: 1, col: 23
              Letter(9999)
                TOKEN_93(9999): "m", line: 1, col: 24
              Letter(9999)
                TOKEN_85(9999): "e", line: 1, col: 25
              Letter(9999)
                TOKEN_94(9999): "n", line: 1, col: 26
              Letter(9999)
                TOKEN_100(9999): "t", line: 1, col: 27
              Letter(9999)
                TOKEN_99(9999): "s", line: 1, col: 28
            ValueOpRhs(9999)
              Operator(9999)
                TOKEN_45(9999): ">", line: 1, col: 30
              Value(9999)
                Number(9999)
                  Digits(9999)
                    Digit(9999)
                      TOKEN_35(9999): "4", line: 1, col: 32
                    Digit(9999)
                      TOKEN_33(9999): "2", line: 1, col: 33
        AND(9999)
          TOKEN_2(9999): "AND", line: 1, col: 35
        ExpressionClause(9999)
          ExpressionPhrase(9999)
            Comparison(9999)
              Identifier(9999)
                Letter(9999)
                  TOKEN_94(9999): "n", line: 1, col: 39
                Letter(9999)
                  TOKEN_85(9999): "e", line: 1, col: 40
                Letter(9999)
                  TOKEN_92(9999): "l", line: 1, col: 41
                Letter(9999)
                  TOKEN_85(9999): "e", line: 1, col: 42
                Letter(9999)
                  TOKEN_93(9999): "m", line: 1, col: 43
                Letter(9999)
                  TOKEN_85(9999): "e", line: 1, col: 44
                Letter(9999)
                  TOKEN_94(9999): "n", line: 1, col: 45
                Letter(9999)
                  TOKEN_100(9999): "t", line: 1, col: 46
                Letter(9999)
                  TOKEN_99(9999): "s", line: 1, col: 47
              ValueOpRhs(9999)
                Operator(9999)
                  TOKEN_43(9999): "<", line: 1, col: 49
                Value(9999)
                  Number(9999)
                    Digits(9999)
                      Digit(9999)
                        TOKEN_35(9999): "4", line: 1, col: 51
                      Digit(9999)
                        TOKEN_33(9999): "2", line: 1, col: 52
          AND(9999)
            TOKEN_2(9999): "AND", line: 1, col: 54
          ExpressionClause(9999)
            ExpressionPhrase(9999)
              Comparison(9999)
                Identifier(9999)
                  Letter(9999)
                    TOKEN_94(9999): "n", line: 1, col: 58
                  Letter(9999)
                    TOKEN_85(9999): "e", line: 1, col: 59
                  Letter(9999)
                    TOKEN_92(9999): "l", line: 1, col: 60
                  Letter(9999)
                    TOKEN_85(9999): "e", line: 1, col: 61
                  Letter(9999)
                    TOKEN_93(9999): "m", line: 1, col: 62
                  Letter(9999)
                    TOKEN_85(9999): "e", line: 1, col: 63
                  Letter(9999)
                    TOKEN_94(9999): "n", line: 1, col: 64
                  Letter(9999)
                    TOKEN_100(9999): "t", line: 1, col: 65
                  Letter(9999)
                    TOKEN_99(9999): "s", line: 1, col: 66
                ValueOpRhs(9999)
                  Operator(9999)
                    TOKEN_17(9999): "!", line: 1, col: 68
                    TOKEN_44(9999): "=", line: 1, col: 69
                  Value(9999)
                    Number(9999)
                      Digits(9999)
                        Digit(9999)
                          TOKEN_35(9999): "4", line: 1, col: 71
                        Digit(9999)
                          TOKEN_33(9999): "2", line: 1, col: 72
            AND(9999)
              TOKEN_2(9999): "AND", line: 1, col: 74
            ExpressionClause(9999)
              ExpressionPhrase(9999)
                Comparison(9999)
                  Identifier(9999)
                    Letter(9999)
                      TOKEN_94(9999): "n", line: 1, col: 78
                    Letter(9999)
                      TOKEN_85(9999): "e", line: 1, col: 79
                    Letter(9999)
                      TOKEN_92(9999): "l", line: 1, col: 80
                    Letter(9999)
                      TOKEN_85(9999): "e", line: 1, col: 81
                    Letter(9999)
                      TOKEN_93(9999): "m", line: 1, col: 82
                    Letter(9999)
                      TOKEN_85(9999): "e", line: 1, col: 83
                    Letter(9999)
                      TOKEN_94(9999): "n", line: 1, col: 84
                    Letter(9999)
                      TOKEN_100(9999): "t", line: 1, col: 85
                    Letter(9999)
                      TOKEN_99(9999): "s", line: 1, col: 86
                  ValueOpRhs(9999)
                    Operator(9999)
                      TOKEN_45(9999): ">", line: 1, col: 88
                      TOKEN_44(9999): "=", line: 1, col: 89
                    Value(9999)
                      Number(9999)
                        Digits(9999)
                          Digit(9999)
                            TOKEN_35(9999): "4", line: 1, col: 91
                          Digit(9999)
                            TOKEN_33(9999): "2", line: 1, col: 92
              AND(9999)
                TOKEN_2(9999): "AND", line: 1, col: 94
              ExpressionClause(9999)
                ExpressionPhrase(9999)
                  Comparison(9999)
                    Identifier(9999)
                      Letter(9999)
                        TOKEN_94(9999): "n", line: 1, col: 98
                      Letter(9999)
                        TOKEN_85(9999): "e", line: 1, col: 99
                      Letter(9999)
                        TOKEN_92(9999): "l", line: 1, col: 100
                      Letter(9999)
                        TOKEN_85(9999): "e", line: 1, col: 101
                      Letter(9999)
                        TOKEN_93(9999): "m", line: 1, col: 102
                      Letter(9999)
                        TOKEN_85(9999): "e", line: 1, col: 103
                      Letter(9999)
                        TOKEN_94(9999): "n", line: 1, col: 104
                      Letter(9999)
                        TOKEN_100(9999): "t", line: 1, col: 105
                      Letter(9999)
                        TOKEN_99(9999): "s", line: 1, col: 106
                    ValueOpRhs(9999)
                      Operator(9999)
                        TOKEN_43(9999): "<", line: 1, col: 108
                        TOKEN_44(9999): "=", line: 1, col: 109
                      Value(9999)
                        Number(9999)
                          Digits(9999)
                            Digit(9999)
                              TOKEN_35(9999): "4", line: 1, col: 111
                            Digit(9999)
                              TOKEN_33(9999): "2", line: 1, col: 112
