RUN /dev/fd/63
java -jar ./tests/tools/grammatiker/BNF/lib/lib/grammatica-20190513.jar tests/generated/Filter.g --parse /dev/fd/63
Parse tree from /dev/fd/63:
Filter(9999)
  Expression(9999)
    ExpressionClause(9999)
      ExpressionPhrase(9999)
        Comparison(9999)
          IdentifierFirstComparison(9999)
            Identifier(9999)
              Letter(9999)
                TOKEN_80(9999): "_", line: 1, col: 1
              Letter(9999)
                TOKEN_86(9999): "e", line: 1, col: 2
              Letter(9999)
                TOKEN_105(9999): "x", line: 1, col: 3
              Letter(9999)
                TOKEN_94(9999): "m", line: 1, col: 4
              Letter(9999)
                TOKEN_97(9999): "p", line: 1, col: 5
              Letter(9999)
                TOKEN_93(9999): "l", line: 1, col: 6
              Letter(9999)
                TOKEN_80(9999): "_", line: 1, col: 7
              Letter(9999)
                TOKEN_82(9999): "a", line: 1, col: 8
              Letter(9999)
                TOKEN_82(9999): "a", line: 1, col: 9
              Letter(9999)
                TOKEN_105(9999): "x", line: 1, col: 10
            ValueOpRhs(9999)
              Operator(9999)
                TOKEN_44(9999): "<", line: 1, col: 12
                TOKEN_45(9999): "=", line: 1, col: 13
              Value(9999)
                Number(9999)
                  Sign(9999)
                    TOKEN_27(9999): "+", line: 1, col: 15
                  TOKEN_30(9999): ".", line: 1, col: 16
                  Digits(9999)
                    Digit(9999)
                      TOKEN_33(9999): "1", line: 1, col: 17
                  Exponent(9999)
                    TOKEN_86(9999): "e", line: 1, col: 18
                    Digits(9999)
                      Digit(9999)
                        TOKEN_40(9999): "8", line: 1, col: 19
    OR(9999)
      TOKEN_13(9999): "OR", line: 1, col: 21
    Expression(9999)
      ExpressionClause(9999)
        ExpressionPhrase(9999)
          Comparison(9999)
            IdentifierFirstComparison(9999)
              Identifier(9999)
                Letter(9999)
                  TOKEN_95(9999): "n", line: 1, col: 24
                Letter(9999)
                  TOKEN_86(9999): "e", line: 1, col: 25
                Letter(9999)
                  TOKEN_93(9999): "l", line: 1, col: 26
                Letter(9999)
                  TOKEN_86(9999): "e", line: 1, col: 27
                Letter(9999)
                  TOKEN_94(9999): "m", line: 1, col: 28
                Letter(9999)
                  TOKEN_86(9999): "e", line: 1, col: 29
                Letter(9999)
                  TOKEN_95(9999): "n", line: 1, col: 30
                Letter(9999)
                  TOKEN_101(9999): "t", line: 1, col: 31
                Letter(9999)
                  TOKEN_100(9999): "s", line: 1, col: 32
              ValueOpRhs(9999)
                Operator(9999)
                  TOKEN_46(9999): ">", line: 1, col: 34
                  TOKEN_45(9999): "=", line: 1, col: 35
                Value(9999)
                  Number(9999)
                    Digits(9999)
                      Digit(9999)
                        TOKEN_33(9999): "1", line: 1, col: 37
                      Digit(9999)
                        TOKEN_32(9999): "0", line: 1, col: 38
        AND(9999)
          TOKEN_2(9999): "AND", line: 1, col: 40
        ExpressionClause(9999)
          ExpressionPhrase(9999)
            NOT(9999)
              TOKEN_11(9999): "NOT", line: 1, col: 44
            TOKEN_24(9999): "(", line: 1, col: 48
            Expression(9999)
              ExpressionClause(9999)
                ExpressionPhrase(9999)
                  Comparison(9999)
                    IdentifierFirstComparison(9999)
                      Identifier(9999)
                        Letter(9999)
                          TOKEN_80(9999): "_", line: 1, col: 50
                        Letter(9999)
                          TOKEN_86(9999): "e", line: 1, col: 51
                        Letter(9999)
                          TOKEN_105(9999): "x", line: 1, col: 52
                        Letter(9999)
                          TOKEN_94(9999): "m", line: 1, col: 53
                        Letter(9999)
                          TOKEN_97(9999): "p", line: 1, col: 54
                        Letter(9999)
                          TOKEN_93(9999): "l", line: 1, col: 55
                        Letter(9999)
                          TOKEN_80(9999): "_", line: 1, col: 56
                        Letter(9999)
                          TOKEN_105(9999): "x", line: 1, col: 57
                      ValueOpRhs(9999)
                        Operator(9999)
                          TOKEN_18(9999): "!", line: 1, col: 59
                          TOKEN_45(9999): "=", line: 1, col: 60
                        Value(9999)
                          String(9999)
                            TOKEN_19(9999): """, line: 1, col: 62
                            EscapedChar(9999)
                              UnescapedChar(9999)
                                Letter(9999)
                                  TOKEN_67(9999): "S", line: 1, col: 63
                            EscapedChar(9999)
                              UnescapedChar(9999)
                                Letter(9999)
                                  TOKEN_96(9999): "o", line: 1, col: 64
                            EscapedChar(9999)
                              UnescapedChar(9999)
                                Letter(9999)
                                  TOKEN_94(9999): "m", line: 1, col: 65
                            EscapedChar(9999)
                              UnescapedChar(9999)
                                Letter(9999)
                                  TOKEN_86(9999): "e", line: 1, col: 66
                            EscapedChar(9999)
                              UnescapedChar(9999)
                                Letter(9999)
                                  TOKEN_100(9999): "s", line: 1, col: 68
                            EscapedChar(9999)
                              UnescapedChar(9999)
                                Letter(9999)
                                  TOKEN_101(9999): "t", line: 1, col: 69
                            EscapedChar(9999)
                              UnescapedChar(9999)
                                Letter(9999)
                                  TOKEN_99(9999): "r", line: 1, col: 70
                            EscapedChar(9999)
                              UnescapedChar(9999)
                                Letter(9999)
                                  TOKEN_90(9999): "i", line: 1, col: 71
                            EscapedChar(9999)
                              UnescapedChar(9999)
                                Letter(9999)
                                  TOKEN_95(9999): "n", line: 1, col: 72
                            EscapedChar(9999)
                              UnescapedChar(9999)
                                Letter(9999)
                                  TOKEN_88(9999): "g", line: 1, col: 73
                            TOKEN_19(9999): """, line: 1, col: 74
              OR(9999)
                TOKEN_13(9999): "OR", line: 1, col: 76
              Expression(9999)
                ExpressionClause(9999)
                  ExpressionPhrase(9999)
                    NOT(9999)
                      TOKEN_11(9999): "NOT", line: 1, col: 79
                    Comparison(9999)
                      IdentifierFirstComparison(9999)
                        Identifier(9999)
                          Letter(9999)
                            TOKEN_80(9999): "_", line: 1, col: 83
                          Letter(9999)
                            TOKEN_86(9999): "e", line: 1, col: 84
                          Letter(9999)
                            TOKEN_105(9999): "x", line: 1, col: 85
                          Letter(9999)
                            TOKEN_94(9999): "m", line: 1, col: 86
                          Letter(9999)
                            TOKEN_97(9999): "p", line: 1, col: 87
                          Letter(9999)
                            TOKEN_93(9999): "l", line: 1, col: 88
                          Letter(9999)
                            TOKEN_80(9999): "_", line: 1, col: 89
                          Letter(9999)
                            TOKEN_82(9999): "a", line: 1, col: 90
                        ValueOpRhs(9999)
                          Operator(9999)
                            TOKEN_45(9999): "=", line: 1, col: 92
                          Value(9999)
                            Number(9999)
                              Digits(9999)
                                Digit(9999)
                                  TOKEN_39(9999): "7", line: 1, col: 94
            TOKEN_25(9999): ")", line: 1, col: 95
