RUN /dev/fd/63
java -jar ./tests/tools/grammatiker/BNF/lib/lib/grammatica-20190513.jar tests/generated/Filter.g --parse /dev/fd/63
Parse tree from /dev/fd/63:
Filter(9999)
  Expression(9999)
    ExpressionClause(9999)
      ExpressionPhrase(9999)
        Comparison(9999)
          Identifier(9999)
            Letter(9999)
              TOKEN_85(9999): "e", line: 1, col: 1
            Letter(9999)
              TOKEN_92(9999): "l", line: 1, col: 2
            Letter(9999)
              TOKEN_85(9999): "e", line: 1, col: 3
            Letter(9999)
              TOKEN_93(9999): "m", line: 1, col: 4
            Letter(9999)
              TOKEN_85(9999): "e", line: 1, col: 5
            Letter(9999)
              TOKEN_94(9999): "n", line: 1, col: 6
            Letter(9999)
              TOKEN_100(9999): "t", line: 1, col: 7
            Letter(9999)
              TOKEN_99(9999): "s", line: 1, col: 8
          SetZipOpRhs(9999)
            IdentifierZipAddon(9999)
              TOKEN_41(9999): ":", line: 1, col: 9
              Identifier(9999)
                Letter(9999)
                  TOKEN_85(9999): "e", line: 1, col: 10
                Letter(9999)
                  TOKEN_92(9999): "l", line: 1, col: 11
                Letter(9999)
                  TOKEN_85(9999): "e", line: 1, col: 12
                Letter(9999)
                  TOKEN_93(9999): "m", line: 1, col: 13
                Letter(9999)
                  TOKEN_85(9999): "e", line: 1, col: 14
                Letter(9999)
                  TOKEN_94(9999): "n", line: 1, col: 15
                Letter(9999)
                  TOKEN_100(9999): "t", line: 1, col: 16
                Letter(9999)
                  TOKEN_79(9999): "_", line: 1, col: 17
                Letter(9999)
                  TOKEN_83(9999): "c", line: 1, col: 18
                Letter(9999)
                  TOKEN_95(9999): "o", line: 1, col: 19
                Letter(9999)
                  TOKEN_101(9999): "u", line: 1, col: 20
                Letter(9999)
                  TOKEN_94(9999): "n", line: 1, col: 21
                Letter(9999)
                  TOKEN_100(9999): "t", line: 1, col: 22
                Letter(9999)
                  TOKEN_99(9999): "s", line: 1, col: 23
            HAS(9999)
              TOKEN_7(9999): "HAS", line: 1, col: 25
            ValueZip(9999)
              Value(9999)
                String(9999)
                  TOKEN_18(9999): """, line: 1, col: 29
                  EscapedChar(9999)
                    UnescapedChar(9999)
                      Letter(9999)
                        TOKEN_55(9999): "H", line: 1, col: 30
                  TOKEN_18(9999): """, line: 1, col: 31
              TOKEN_41(9999): ":", line: 1, col: 32
              Value(9999)
                Number(9999)
                  Digits(9999)
                    Digit(9999)
                      TOKEN_37(9999): "6", line: 1, col: 33
      AND(9999)
        TOKEN_2(9999): "AND", line: 1, col: 35
      ExpressionClause(9999)
        ExpressionPhrase(9999)
          Comparison(9999)
            Identifier(9999)
              Letter(9999)
                TOKEN_85(9999): "e", line: 1, col: 39
              Letter(9999)
                TOKEN_92(9999): "l", line: 1, col: 40
              Letter(9999)
                TOKEN_85(9999): "e", line: 1, col: 41
              Letter(9999)
                TOKEN_93(9999): "m", line: 1, col: 42
              Letter(9999)
                TOKEN_85(9999): "e", line: 1, col: 43
              Letter(9999)
                TOKEN_94(9999): "n", line: 1, col: 44
              Letter(9999)
                TOKEN_100(9999): "t", line: 1, col: 45
              Letter(9999)
                TOKEN_99(9999): "s", line: 1, col: 46
            SetZipOpRhs(9999)
              IdentifierZipAddon(9999)
                TOKEN_41(9999): ":", line: 1, col: 47
                Identifier(9999)
                  Letter(9999)
                    TOKEN_85(9999): "e", line: 1, col: 48
                  Letter(9999)
                    TOKEN_92(9999): "l", line: 1, col: 49
                  Letter(9999)
                    TOKEN_85(9999): "e", line: 1, col: 50
                  Letter(9999)
                    TOKEN_93(9999): "m", line: 1, col: 51
                  Letter(9999)
                    TOKEN_85(9999): "e", line: 1, col: 52
                  Letter(9999)
                    TOKEN_94(9999): "n", line: 1, col: 53
                  Letter(9999)
                    TOKEN_100(9999): "t", line: 1, col: 54
                  Letter(9999)
                    TOKEN_79(9999): "_", line: 1, col: 55
                  Letter(9999)
                    TOKEN_83(9999): "c", line: 1, col: 56
                  Letter(9999)
                    TOKEN_95(9999): "o", line: 1, col: 57
                  Letter(9999)
                    TOKEN_101(9999): "u", line: 1, col: 58
                  Letter(9999)
                    TOKEN_94(9999): "n", line: 1, col: 59
                  Letter(9999)
                    TOKEN_100(9999): "t", line: 1, col: 60
                  Letter(9999)
                    TOKEN_99(9999): "s", line: 1, col: 61
              HAS(9999)
                TOKEN_7(9999): "HAS", line: 1, col: 63
              ALL(9999)
                TOKEN_1(9999): "ALL", line: 1, col: 67
              ValueZipList(9999)
                ValueZip(9999)
                  Value(9999)
                    String(9999)
                      TOKEN_18(9999): """, line: 1, col: 71
                      EscapedChar(9999)
                        UnescapedChar(9999)
                          Letter(9999)
                            TOKEN_55(9999): "H", line: 1, col: 72
                      TOKEN_18(9999): """, line: 1, col: 73
                  TOKEN_41(9999): ":", line: 1, col: 74
                  Value(9999)
                    Number(9999)
                      Digits(9999)
                        Digit(9999)
                          TOKEN_37(9999): "6", line: 1, col: 75
                TOKEN_27(9999): ",", line: 1, col: 76
                ValueZip(9999)
                  Value(9999)
                    String(9999)
                      TOKEN_18(9999): """, line: 1, col: 77
                      EscapedChar(9999)
                        UnescapedChar(9999)
                          Letter(9999)
                            TOKEN_55(9999): "H", line: 1, col: 78
                      EscapedChar(9999)
                        UnescapedChar(9999)
                          Letter(9999)
                            TOKEN_85(9999): "e", line: 1, col: 79
                      TOKEN_18(9999): """, line: 1, col: 80
                  TOKEN_41(9999): ":", line: 1, col: 81
                  Value(9999)
                    Number(9999)
                      Digits(9999)
                        Digit(9999)
                          TOKEN_38(9999): "7", line: 1, col: 82
        AND(9999)
          TOKEN_2(9999): "AND", line: 1, col: 84
        ExpressionClause(9999)
          ExpressionPhrase(9999)
            Comparison(9999)
              Identifier(9999)
                Letter(9999)
                  TOKEN_85(9999): "e", line: 1, col: 88
                Letter(9999)
                  TOKEN_92(9999): "l", line: 1, col: 89
                Letter(9999)
                  TOKEN_85(9999): "e", line: 1, col: 90
                Letter(9999)
                  TOKEN_93(9999): "m", line: 1, col: 91
                Letter(9999)
                  TOKEN_85(9999): "e", line: 1, col: 92
                Letter(9999)
                  TOKEN_94(9999): "n", line: 1, col: 93
                Letter(9999)
                  TOKEN_100(9999): "t", line: 1, col: 94
                Letter(9999)
                  TOKEN_99(9999): "s", line: 1, col: 95
              SetZipOpRhs(9999)
                IdentifierZipAddon(9999)
                  TOKEN_41(9999): ":", line: 1, col: 96
                  Identifier(9999)
                    Letter(9999)
                      TOKEN_85(9999): "e", line: 1, col: 97
                    Letter(9999)
                      TOKEN_92(9999): "l", line: 1, col: 98
                    Letter(9999)
                      TOKEN_85(9999): "e", line: 1, col: 99
                    Letter(9999)
                      TOKEN_93(9999): "m", line: 1, col: 100
                    Letter(9999)
                      TOKEN_85(9999): "e", line: 1, col: 101
                    Letter(9999)
                      TOKEN_94(9999): "n", line: 1, col: 102
                    Letter(9999)
                      TOKEN_100(9999): "t", line: 1, col: 103
                    Letter(9999)
                      TOKEN_79(9999): "_", line: 1, col: 104
                    Letter(9999)
                      TOKEN_83(9999): "c", line: 1, col: 105
                    Letter(9999)
                      TOKEN_95(9999): "o", line: 1, col: 106
                    Letter(9999)
                      TOKEN_101(9999): "u", line: 1, col: 107
                    Letter(9999)
                      TOKEN_94(9999): "n", line: 1, col: 108
                    Letter(9999)
                      TOKEN_100(9999): "t", line: 1, col: 109
                    Letter(9999)
                      TOKEN_99(9999): "s", line: 1, col: 110
                HAS(9999)
                  TOKEN_7(9999): "HAS", line: 1, col: 112
                EXACTLY(9999)
                  TOKEN_6(9999): "EXACTLY", line: 1, col: 116
                ValueZipList(9999)
                  ValueZip(9999)
                    Value(9999)
                      String(9999)
                        TOKEN_18(9999): """, line: 1, col: 124
                        EscapedChar(9999)
                          UnescapedChar(9999)
                            Letter(9999)
                              TOKEN_55(9999): "H", line: 1, col: 125
                        TOKEN_18(9999): """, line: 1, col: 126
                    TOKEN_41(9999): ":", line: 1, col: 127
                    Value(9999)
                      Number(9999)
                        Digits(9999)
                          Digit(9999)
                            TOKEN_37(9999): "6", line: 1, col: 128
          AND(9999)
            TOKEN_2(9999): "AND", line: 1, col: 130
          ExpressionClause(9999)
            ExpressionPhrase(9999)
              Comparison(9999)
                Identifier(9999)
                  Letter(9999)
                    TOKEN_85(9999): "e", line: 1, col: 134
                  Letter(9999)
                    TOKEN_92(9999): "l", line: 1, col: 135
                  Letter(9999)
                    TOKEN_85(9999): "e", line: 1, col: 136
                  Letter(9999)
                    TOKEN_93(9999): "m", line: 1, col: 137
                  Letter(9999)
                    TOKEN_85(9999): "e", line: 1, col: 138
                  Letter(9999)
                    TOKEN_94(9999): "n", line: 1, col: 139
                  Letter(9999)
                    TOKEN_100(9999): "t", line: 1, col: 140
                  Letter(9999)
                    TOKEN_99(9999): "s", line: 1, col: 141
                SetZipOpRhs(9999)
                  IdentifierZipAddon(9999)
                    TOKEN_41(9999): ":", line: 1, col: 142
                    Identifier(9999)
                      Letter(9999)
                        TOKEN_85(9999): "e", line: 1, col: 143
                      Letter(9999)
                        TOKEN_92(9999): "l", line: 1, col: 144
                      Letter(9999)
                        TOKEN_85(9999): "e", line: 1, col: 145
                      Letter(9999)
                        TOKEN_93(9999): "m", line: 1, col: 146
                      Letter(9999)
                        TOKEN_85(9999): "e", line: 1, col: 147
                      Letter(9999)
                        TOKEN_94(9999): "n", line: 1, col: 148
                      Letter(9999)
                        TOKEN_100(9999): "t", line: 1, col: 149
                      Letter(9999)
                        TOKEN_79(9999): "_", line: 1, col: 150
                      Letter(9999)
                        TOKEN_83(9999): "c", line: 1, col: 151
                      Letter(9999)
                        TOKEN_95(9999): "o", line: 1, col: 152
                      Letter(9999)
                        TOKEN_101(9999): "u", line: 1, col: 153
                      Letter(9999)
                        TOKEN_94(9999): "n", line: 1, col: 154
                      Letter(9999)
                        TOKEN_100(9999): "t", line: 1, col: 155
                      Letter(9999)
                        TOKEN_99(9999): "s", line: 1, col: 156
                  HAS(9999)
                    TOKEN_7(9999): "HAS", line: 1, col: 158
                  ANY(9999)
                    TOKEN_3(9999): "ANY", line: 1, col: 162
                  ValueZipList(9999)
                    ValueZip(9999)
                      Value(9999)
                        String(9999)
                          TOKEN_18(9999): """, line: 1, col: 166
                          EscapedChar(9999)
                            UnescapedChar(9999)
                              Letter(9999)
                                TOKEN_55(9999): "H", line: 1, col: 167
                          TOKEN_18(9999): """, line: 1, col: 168
                      TOKEN_41(9999): ":", line: 1, col: 169
                      Value(9999)
                        Number(9999)
                          Digits(9999)
                            Digit(9999)
                              TOKEN_37(9999): "6", line: 1, col: 170
                    TOKEN_27(9999): ",", line: 1, col: 171
                    ValueZip(9999)
                      Value(9999)
                        String(9999)
                          TOKEN_18(9999): """, line: 1, col: 172
                          EscapedChar(9999)
                            UnescapedChar(9999)
                              Letter(9999)
                                TOKEN_55(9999): "H", line: 1, col: 173
                          EscapedChar(9999)
                            UnescapedChar(9999)
                              Letter(9999)
                                TOKEN_85(9999): "e", line: 1, col: 174
                          TOKEN_18(9999): """, line: 1, col: 175
                      TOKEN_41(9999): ":", line: 1, col: 176
                      Value(9999)
                        Number(9999)
                          Digits(9999)
                            Digit(9999)
                              TOKEN_38(9999): "7", line: 1, col: 177
            AND(9999)
              TOKEN_2(9999): "AND", line: 1, col: 179
            ExpressionClause(9999)
              ExpressionPhrase(9999)
                Comparison(9999)
                  Identifier(9999)
                    Letter(9999)
                      TOKEN_85(9999): "e", line: 1, col: 183
                    Letter(9999)
                      TOKEN_92(9999): "l", line: 1, col: 184
                    Letter(9999)
                      TOKEN_85(9999): "e", line: 1, col: 185
                    Letter(9999)
                      TOKEN_93(9999): "m", line: 1, col: 186
                    Letter(9999)
                      TOKEN_85(9999): "e", line: 1, col: 187
                    Letter(9999)
                      TOKEN_94(9999): "n", line: 1, col: 188
                    Letter(9999)
                      TOKEN_100(9999): "t", line: 1, col: 189
                    Letter(9999)
                      TOKEN_99(9999): "s", line: 1, col: 190
                  SetZipOpRhs(9999)
                    IdentifierZipAddon(9999)
                      TOKEN_41(9999): ":", line: 1, col: 191
                      Identifier(9999)
                        Letter(9999)
                          TOKEN_85(9999): "e", line: 1, col: 192
                        Letter(9999)
                          TOKEN_92(9999): "l", line: 1, col: 193
                        Letter(9999)
                          TOKEN_85(9999): "e", line: 1, col: 194
                        Letter(9999)
                          TOKEN_93(9999): "m", line: 1, col: 195
                        Letter(9999)
                          TOKEN_85(9999): "e", line: 1, col: 196
                        Letter(9999)
                          TOKEN_94(9999): "n", line: 1, col: 197
                        Letter(9999)
                          TOKEN_100(9999): "t", line: 1, col: 198
                        Letter(9999)
                          TOKEN_79(9999): "_", line: 1, col: 199
                        Letter(9999)
                          TOKEN_83(9999): "c", line: 1, col: 200
                        Letter(9999)
                          TOKEN_95(9999): "o", line: 1, col: 201
                        Letter(9999)
                          TOKEN_101(9999): "u", line: 1, col: 202
                        Letter(9999)
                          TOKEN_94(9999): "n", line: 1, col: 203
                        Letter(9999)
                          TOKEN_100(9999): "t", line: 1, col: 204
                        Letter(9999)
                          TOKEN_99(9999): "s", line: 1, col: 205
                    HAS(9999)
                      TOKEN_7(9999): "HAS", line: 1, col: 207
                    ONLY(9999)
                      TOKEN_12(9999): "ONLY", line: 1, col: 211
                    ValueZipList(9999)
                      ValueZip(9999)
                        Value(9999)
                          String(9999)
                            TOKEN_18(9999): """, line: 1, col: 216
                            EscapedChar(9999)
                              UnescapedChar(9999)
                                Letter(9999)
                                  TOKEN_55(9999): "H", line: 1, col: 217
                            TOKEN_18(9999): """, line: 1, col: 218
                        TOKEN_41(9999): ":", line: 1, col: 219
                        Value(9999)
                          Number(9999)
                            Digits(9999)
                              Digit(9999)
                                TOKEN_37(9999): "6", line: 1, col: 220
                      TOKEN_27(9999): ",", line: 1, col: 221
                      ValueZip(9999)
                        Value(9999)
                          String(9999)
                            TOKEN_18(9999): """, line: 1, col: 222
                            EscapedChar(9999)
                              UnescapedChar(9999)
                                Letter(9999)
                                  TOKEN_55(9999): "H", line: 1, col: 223
                            EscapedChar(9999)
                              UnescapedChar(9999)
                                Letter(9999)
                                  TOKEN_85(9999): "e", line: 1, col: 224
                            TOKEN_18(9999): """, line: 1, col: 225
                        TOKEN_41(9999): ":", line: 1, col: 226
                        Value(9999)
                          Number(9999)
                            Digits(9999)
                              Digit(9999)
                                TOKEN_38(9999): "7", line: 1, col: 227
