RUN /dev/fd/63
java -jar ./tests/tools/grammatiker/BNF/lib/lib/grammatica-20190513.jar tests/generated/Filter.g --parse /dev/fd/63
Parse tree from /dev/fd/63:
Filter(9999)
  Expression(9999)
    ExpressionClause(9999)
      ExpressionPhrase(9999)
        Comparison(9999)
          Identifier(9999)
            Letter(9999)
              TOKEN_96(9999): "p", line: 1, col: 1
            Letter(9999)
              TOKEN_98(9999): "r", line: 1, col: 2
            Letter(9999)
              TOKEN_95(9999): "o", line: 1, col: 3
            Letter(9999)
              TOKEN_100(9999): "t", line: 1, col: 4
            Letter(9999)
              TOKEN_95(9999): "o", line: 1, col: 5
            Letter(9999)
              TOKEN_100(9999): "t", line: 1, col: 6
            Letter(9999)
              TOKEN_105(9999): "y", line: 1, col: 7
            Letter(9999)
              TOKEN_96(9999): "p", line: 1, col: 8
            Letter(9999)
              TOKEN_85(9999): "e", line: 1, col: 9
            Letter(9999)
              TOKEN_79(9999): "_", line: 1, col: 10
            Letter(9999)
              TOKEN_86(9999): "f", line: 1, col: 11
            Letter(9999)
              TOKEN_95(9999): "o", line: 1, col: 12
            Letter(9999)
              TOKEN_98(9999): "r", line: 1, col: 13
            Letter(9999)
              TOKEN_93(9999): "m", line: 1, col: 14
            Letter(9999)
              TOKEN_101(9999): "u", line: 1, col: 15
            Letter(9999)
              TOKEN_92(9999): "l", line: 1, col: 16
            Letter(9999)
              TOKEN_81(9999): "a", line: 1, col: 17
Error: in /dev/fd/63: line 1:
    unexpected token "UNKNOWN", expected one of "<", ">", "=", "!",
    "IS", "CONTAINS", "STARTS", "ENDS", "HAS", or ":"
