RUN /dev/fd/63
java -jar ./tests/tools/grammatiker/BNF/lib/lib/grammatica-20190513.jar tests/generated/Filter.g --parse /dev/fd/63
Parse tree from /dev/fd/63:
Filter(9999)
  Expression(9999)
    ExpressionClause(9999)
      ExpressionPhrase(9999)
        Comparison(9999)
          IdentifierFirstComparison(9999)
            Identifier(9999)
              Letter(9999)
                TOKEN_80(9999): "_", line: 1, col: 1
              Letter(9999)
                TOKEN_86(9999): "e", line: 1, col: 2
              Letter(9999)
                TOKEN_105(9999): "x", line: 1, col: 3
              Letter(9999)
                TOKEN_94(9999): "m", line: 1, col: 4
              Letter(9999)
                TOKEN_97(9999): "p", line: 1, col: 5
              Letter(9999)
                TOKEN_93(9999): "l", line: 1, col: 6
              Letter(9999)
                TOKEN_80(9999): "_", line: 1, col: 7
              Letter(9999)
                TOKEN_100(9999): "s", line: 1, col: 8
              Letter(9999)
                TOKEN_96(9999): "o", line: 1, col: 9
              Letter(9999)
                TOKEN_94(9999): "m", line: 1, col: 10
              Letter(9999)
                TOKEN_86(9999): "e", line: 1, col: 11
              Letter(9999)
                TOKEN_80(9999): "_", line: 1, col: 12
              Letter(9999)
                TOKEN_100(9999): "s", line: 1, col: 13
              Letter(9999)
                TOKEN_101(9999): "t", line: 1, col: 14
              Letter(9999)
                TOKEN_99(9999): "r", line: 1, col: 15
              Letter(9999)
                TOKEN_90(9999): "i", line: 1, col: 16
              Letter(9999)
                TOKEN_95(9999): "n", line: 1, col: 17
              Letter(9999)
                TOKEN_88(9999): "g", line: 1, col: 18
              Letter(9999)
                TOKEN_80(9999): "_", line: 1, col: 19
              Letter(9999)
                TOKEN_97(9999): "p", line: 1, col: 20
              Letter(9999)
                TOKEN_99(9999): "r", line: 1, col: 21
              Letter(9999)
                TOKEN_96(9999): "o", line: 1, col: 22
              Letter(9999)
                TOKEN_97(9999): "p", line: 1, col: 23
              Letter(9999)
                TOKEN_86(9999): "e", line: 1, col: 24
              Letter(9999)
                TOKEN_99(9999): "r", line: 1, col: 25
              Letter(9999)
                TOKEN_101(9999): "t", line: 1, col: 26
              Letter(9999)
                TOKEN_106(9999): "y", line: 1, col: 27
            ValueOpRhs(9999)
              Operator(9999)
                TOKEN_45(9999): "=", line: 1, col: 29
              Value(9999)
                Number(9999)
                  Digits(9999)
                    Digit(9999)
                      TOKEN_36(9999): "4", line: 1, col: 31
                    Digit(9999)
                      TOKEN_34(9999): "2", line: 1, col: 32
