RUN /dev/fd/63
java -jar ./tests/tools/grammatiker/BNF/lib/lib/grammatica-20190513.jar tests/generated/Filter.g --parse /dev/fd/63
Parse tree from /dev/fd/63:
Filter(9999)
  Expression(9999)
    ExpressionClause(9999)
      ExpressionPhrase(9999)
        PredicateComparison(9999)
          LengthComparison(9999)
            LENGTH(9999)
              TOKEN_44(9999): "L", line: 1, col: 1
              TOKEN_37(9999): "E", line: 1, col: 2
              TOKEN_46(9999): "N", line: 1, col: 3
              TOKEN_39(9999): "G", line: 1, col: 4
              TOKEN_52(9999): "T", line: 1, col: 5
              TOKEN_40(9999): "H", line: 1, col: 6
              Spaces(9999)
                Space(9999)
                  TOKEN_1(9999): " ", line: 1, col: 7
            Identifier(9999)
              LowercaseLetter(9999)
                TOKEN_74(9999): "e", line: 1, col: 8
              LowercaseLetter(9999)
                TOKEN_81(9999): "l", line: 1, col: 9
              LowercaseLetter(9999)
                TOKEN_74(9999): "e", line: 1, col: 10
              LowercaseLetter(9999)
                TOKEN_82(9999): "m", line: 1, col: 11
              LowercaseLetter(9999)
                TOKEN_74(9999): "e", line: 1, col: 12
              LowercaseLetter(9999)
                TOKEN_83(9999): "n", line: 1, col: 13
              LowercaseLetter(9999)
                TOKEN_89(9999): "t", line: 1, col: 14
              LowercaseLetter(9999)
                TOKEN_88(9999): "s", line: 1, col: 15
              Spaces(9999)
                Space(9999)
                  TOKEN_1(9999): " ", line: 1, col: 16
Error: in /dev/fd/63: line 1:
    unexpected token "4", expected one of "<", ">", "=", or "!"
