RUN /dev/fd/63
java -jar ./tests/tools/grammatiker/BNF/lib/lib/grammatica-20190513.jar tests/generated/Filter.g --parse /dev/fd/63
Parse tree from /dev/fd/63:
Filter(9999)
  Expression(9999)
    ExpressionClause(9999)
      ExpressionPhrase(9999)
        Comparison(9999)
          IdentifierFirstComparison(9999)
            Identifier(9999)
              Letter(9999)
                TOKEN_80(9999): "_", line: 1, col: 1
              Letter(9999)
                TOKEN_86(9999): "e", line: 1, col: 2
              Letter(9999)
                TOKEN_105(9999): "x", line: 1, col: 3
              Letter(9999)
                TOKEN_94(9999): "m", line: 1, col: 4
              Letter(9999)
                TOKEN_97(9999): "p", line: 1, col: 5
              Letter(9999)
                TOKEN_93(9999): "l", line: 1, col: 6
              Letter(9999)
                TOKEN_80(9999): "_", line: 1, col: 7
              Letter(9999)
                TOKEN_94(9999): "m", line: 1, col: 8
              Letter(9999)
                TOKEN_86(9999): "e", line: 1, col: 9
              Letter(9999)
                TOKEN_93(9999): "l", line: 1, col: 10
              Letter(9999)
                TOKEN_101(9999): "t", line: 1, col: 11
              Letter(9999)
                TOKEN_90(9999): "i", line: 1, col: 12
              Letter(9999)
                TOKEN_95(9999): "n", line: 1, col: 13
              Letter(9999)
                TOKEN_88(9999): "g", line: 1, col: 14
              Letter(9999)
                TOKEN_80(9999): "_", line: 1, col: 15
              Letter(9999)
                TOKEN_97(9999): "p", line: 1, col: 16
              Letter(9999)
                TOKEN_96(9999): "o", line: 1, col: 17
              Letter(9999)
                TOKEN_90(9999): "i", line: 1, col: 18
              Letter(9999)
                TOKEN_95(9999): "n", line: 1, col: 19
              Letter(9999)
                TOKEN_101(9999): "t", line: 1, col: 20
            ValueOpRhs(9999)
              Operator(9999)
                TOKEN_44(9999): "<", line: 1, col: 21
              Value(9999)
                Number(9999)
                  Digits(9999)
                    Digit(9999)
                      TOKEN_35(9999): "3", line: 1, col: 22
                    Digit(9999)
                      TOKEN_32(9999): "0", line: 1, col: 23
                    Digit(9999)
                      TOKEN_32(9999): "0", line: 1, col: 24
      AND(9999)
        TOKEN_2(9999): "AND", line: 1, col: 26
      ExpressionClause(9999)
        ExpressionPhrase(9999)
          Comparison(9999)
            IdentifierFirstComparison(9999)
              Identifier(9999)
                Letter(9999)
                  TOKEN_95(9999): "n", line: 1, col: 30
                Letter(9999)
                  TOKEN_86(9999): "e", line: 1, col: 31
                Letter(9999)
                  TOKEN_93(9999): "l", line: 1, col: 32
                Letter(9999)
                  TOKEN_86(9999): "e", line: 1, col: 33
                Letter(9999)
                  TOKEN_94(9999): "m", line: 1, col: 34
                Letter(9999)
                  TOKEN_86(9999): "e", line: 1, col: 35
                Letter(9999)
                  TOKEN_95(9999): "n", line: 1, col: 36
                Letter(9999)
                  TOKEN_101(9999): "t", line: 1, col: 37
                Letter(9999)
                  TOKEN_100(9999): "s", line: 1, col: 38
              ValueOpRhs(9999)
                Operator(9999)
                  TOKEN_45(9999): "=", line: 1, col: 39
                Value(9999)
                  Number(9999)
                    Digits(9999)
                      Digit(9999)
                        TOKEN_36(9999): "4", line: 1, col: 40
        AND(9999)
          TOKEN_2(9999): "AND", line: 1, col: 42
        ExpressionClause(9999)
          ExpressionPhrase(9999)
            Comparison(9999)
              IdentifierFirstComparison(9999)
                Identifier(9999)
                  Letter(9999)
                    TOKEN_86(9999): "e", line: 1, col: 46
                  Letter(9999)
                    TOKEN_93(9999): "l", line: 1, col: 47
                  Letter(9999)
                    TOKEN_86(9999): "e", line: 1, col: 48
                  Letter(9999)
                    TOKEN_94(9999): "m", line: 1, col: 49
                  Letter(9999)
                    TOKEN_86(9999): "e", line: 1, col: 50
                  Letter(9999)
                    TOKEN_95(9999): "n", line: 1, col: 51
                  Letter(9999)
                    TOKEN_101(9999): "t", line: 1, col: 52
                  Letter(9999)
                    TOKEN_100(9999): "s", line: 1, col: 53
                ValueOpRhs(9999)
                  Operator(9999)
                    TOKEN_45(9999): "=", line: 1, col: 54
                  Value(9999)
                    String(9999)
                      TOKEN_19(9999): """, line: 1, col: 55
                      EscapedChar(9999)
                        UnescapedChar(9999)
                          Letter(9999)
                            TOKEN_67(9999): "S", line: 1, col: 56
                      EscapedChar(9999)
                        UnescapedChar(9999)
                          Letter(9999)
                            TOKEN_90(9999): "i", line: 1, col: 57
                      EscapedChar(9999)
                        UnescapedChar(9999)
                          Punctuator(9999)
                            TOKEN_28(9999): ",", line: 1, col: 58
                      EscapedChar(9999)
                        UnescapedChar(9999)
                          Letter(9999)
                            TOKEN_63(9999): "O", line: 1, col: 59
                      EscapedChar(9999)
                        UnescapedChar(9999)
                          Digit(9999)
                            TOKEN_34(9999): "2", line: 1, col: 60
                      TOKEN_19(9999): """, line: 1, col: 61
