RUN /dev/fd/63
java -jar ./tests/tools/grammatiker/BNF/lib/lib/grammatica-20190513.jar tests/generated/Filter.g --parse /dev/fd/63
Parse tree from /dev/fd/63:
Filter(9999)
  Expression(9999)
    ExpressionClause(9999)
      ExpressionPhrase(9999)
        Comparison(9999)
          IdentifierFirstComparison(9999)
            Identifier(9999)
              LowercaseLetter(9999)
                TOKEN_70(9999): "e", line: 1, col: 1
              LowercaseLetter(9999)
                TOKEN_77(9999): "l", line: 1, col: 2
              LowercaseLetter(9999)
                TOKEN_70(9999): "e", line: 1, col: 3
              LowercaseLetter(9999)
                TOKEN_78(9999): "m", line: 1, col: 4
              LowercaseLetter(9999)
                TOKEN_70(9999): "e", line: 1, col: 5
              LowercaseLetter(9999)
                TOKEN_79(9999): "n", line: 1, col: 6
              LowercaseLetter(9999)
                TOKEN_85(9999): "t", line: 1, col: 7
              LowercaseLetter(9999)
                TOKEN_84(9999): "s", line: 1, col: 8
            SetZipOpRhs(9999)
              IdentifierZipAddon(9999)
                TOKEN_26(9999): ":", line: 1, col: 9
                Identifier(9999)
                  LowercaseLetter(9999)
                    TOKEN_64(9999): "_", line: 1, col: 10
                  LowercaseLetter(9999)
                    TOKEN_70(9999): "e", line: 1, col: 11
                  LowercaseLetter(9999)
                    TOKEN_89(9999): "x", line: 1, col: 12
                  LowercaseLetter(9999)
                    TOKEN_78(9999): "m", line: 1, col: 13
                  LowercaseLetter(9999)
                    TOKEN_81(9999): "p", line: 1, col: 14
                  LowercaseLetter(9999)
                    TOKEN_77(9999): "l", line: 1, col: 15
                  LowercaseLetter(9999)
                    TOKEN_64(9999): "_", line: 1, col: 16
                  LowercaseLetter(9999)
                    TOKEN_70(9999): "e", line: 1, col: 17
                  LowercaseLetter(9999)
                    TOKEN_77(9999): "l", line: 1, col: 18
                  LowercaseLetter(9999)
                    TOKEN_70(9999): "e", line: 1, col: 19
                  LowercaseLetter(9999)
                    TOKEN_78(9999): "m", line: 1, col: 20
                  LowercaseLetter(9999)
                    TOKEN_70(9999): "e", line: 1, col: 21
                  LowercaseLetter(9999)
                    TOKEN_79(9999): "n", line: 1, col: 22
                  LowercaseLetter(9999)
                    TOKEN_85(9999): "t", line: 1, col: 23
                  LowercaseLetter(9999)
                    TOKEN_64(9999): "_", line: 1, col: 24
                  LowercaseLetter(9999)
                    TOKEN_68(9999): "c", line: 1, col: 25
                  LowercaseLetter(9999)
                    TOKEN_80(9999): "o", line: 1, col: 26
                  LowercaseLetter(9999)
                    TOKEN_86(9999): "u", line: 1, col: 27
                  LowercaseLetter(9999)
                    TOKEN_79(9999): "n", line: 1, col: 28
                  LowercaseLetter(9999)
                    TOKEN_85(9999): "t", line: 1, col: 29
                  LowercaseLetter(9999)
                    TOKEN_84(9999): "s", line: 1, col: 30
              HAS(9999)
                TOKEN_40(9999): "H", line: 1, col: 32
                TOKEN_33(9999): "A", line: 1, col: 33
                TOKEN_51(9999): "S", line: 1, col: 34
              ValueZip(9999)
                Value(9999)
                  String(9999)
                    TOKEN_3(9999): """, line: 1, col: 36
                    EscapedChar(9999)
                      UnescapedChar(9999)
                        Letter(9999)
                          UppercaseLetter(9999)
                            TOKEN_40(9999): "H", line: 1, col: 37
                    TOKEN_3(9999): """, line: 1, col: 38
                TOKEN_26(9999): ":", line: 1, col: 39
                Value(9999)
                  Number(9999)
                    Digits(9999)
                      Digit(9999)
                        TOKEN_22(9999): "6", line: 1, col: 40
      AND(9999)
        TOKEN_33(9999): "A", line: 1, col: 42
        TOKEN_46(9999): "N", line: 1, col: 43
        TOKEN_36(9999): "D", line: 1, col: 44
      ExpressionClause(9999)
        ExpressionPhrase(9999)
          Comparison(9999)
            IdentifierFirstComparison(9999)
              Identifier(9999)
                LowercaseLetter(9999)
                  TOKEN_70(9999): "e", line: 1, col: 46
                LowercaseLetter(9999)
                  TOKEN_77(9999): "l", line: 1, col: 47
                LowercaseLetter(9999)
                  TOKEN_70(9999): "e", line: 1, col: 48
                LowercaseLetter(9999)
                  TOKEN_78(9999): "m", line: 1, col: 49
                LowercaseLetter(9999)
                  TOKEN_70(9999): "e", line: 1, col: 50
                LowercaseLetter(9999)
                  TOKEN_79(9999): "n", line: 1, col: 51
                LowercaseLetter(9999)
                  TOKEN_85(9999): "t", line: 1, col: 52
                LowercaseLetter(9999)
                  TOKEN_84(9999): "s", line: 1, col: 53
              SetZipOpRhs(9999)
                IdentifierZipAddon(9999)
                  TOKEN_26(9999): ":", line: 1, col: 54
                  Identifier(9999)
                    LowercaseLetter(9999)
                      TOKEN_64(9999): "_", line: 1, col: 55
                    LowercaseLetter(9999)
                      TOKEN_70(9999): "e", line: 1, col: 56
                    LowercaseLetter(9999)
                      TOKEN_89(9999): "x", line: 1, col: 57
                    LowercaseLetter(9999)
                      TOKEN_78(9999): "m", line: 1, col: 58
                    LowercaseLetter(9999)
                      TOKEN_81(9999): "p", line: 1, col: 59
                    LowercaseLetter(9999)
                      TOKEN_77(9999): "l", line: 1, col: 60
                    LowercaseLetter(9999)
                      TOKEN_64(9999): "_", line: 1, col: 61
                    LowercaseLetter(9999)
                      TOKEN_70(9999): "e", line: 1, col: 62
                    LowercaseLetter(9999)
                      TOKEN_77(9999): "l", line: 1, col: 63
                    LowercaseLetter(9999)
                      TOKEN_70(9999): "e", line: 1, col: 64
                    LowercaseLetter(9999)
                      TOKEN_78(9999): "m", line: 1, col: 65
                    LowercaseLetter(9999)
                      TOKEN_70(9999): "e", line: 1, col: 66
                    LowercaseLetter(9999)
                      TOKEN_79(9999): "n", line: 1, col: 67
                    LowercaseLetter(9999)
                      TOKEN_85(9999): "t", line: 1, col: 68
                    LowercaseLetter(9999)
                      TOKEN_64(9999): "_", line: 1, col: 69
                    LowercaseLetter(9999)
                      TOKEN_68(9999): "c", line: 1, col: 70
                    LowercaseLetter(9999)
                      TOKEN_80(9999): "o", line: 1, col: 71
                    LowercaseLetter(9999)
                      TOKEN_86(9999): "u", line: 1, col: 72
                    LowercaseLetter(9999)
                      TOKEN_79(9999): "n", line: 1, col: 73
                    LowercaseLetter(9999)
                      TOKEN_85(9999): "t", line: 1, col: 74
                    LowercaseLetter(9999)
                      TOKEN_84(9999): "s", line: 1, col: 75
                HAS(9999)
                  TOKEN_40(9999): "H", line: 1, col: 77
                  TOKEN_33(9999): "A", line: 1, col: 78
                  TOKEN_51(9999): "S", line: 1, col: 79
                ALL(9999)
                  TOKEN_33(9999): "A", line: 1, col: 81
                  TOKEN_44(9999): "L", line: 1, col: 82
                  TOKEN_44(9999): "L", line: 1, col: 83
                ValueZipList(9999)
                  ValueZip(9999)
                    Value(9999)
                      String(9999)
                        TOKEN_3(9999): """, line: 1, col: 85
                        EscapedChar(9999)
                          UnescapedChar(9999)
                            Letter(9999)
                              UppercaseLetter(9999)
                                TOKEN_40(9999): "H", line: 1, col: 86
                        TOKEN_3(9999): """, line: 1, col: 87
                    TOKEN_26(9999): ":", line: 1, col: 88
                    Value(9999)
                      Number(9999)
                        Digits(9999)
                          Digit(9999)
                            TOKEN_22(9999): "6", line: 1, col: 89
                  TOKEN_12(9999): ",", line: 1, col: 90
                  ValueZip(9999)
                    Value(9999)
                      String(9999)
                        TOKEN_3(9999): """, line: 1, col: 91
                        EscapedChar(9999)
                          UnescapedChar(9999)
                            Letter(9999)
                              UppercaseLetter(9999)
                                TOKEN_40(9999): "H", line: 1, col: 92
                        EscapedChar(9999)
                          UnescapedChar(9999)
                            Letter(9999)
                              LowercaseLetter(9999)
                                TOKEN_70(9999): "e", line: 1, col: 93
                        TOKEN_3(9999): """, line: 1, col: 94
                    TOKEN_26(9999): ":", line: 1, col: 95
                    Value(9999)
                      Number(9999)
                        Digits(9999)
                          Digit(9999)
                            TOKEN_23(9999): "7", line: 1, col: 96
        AND(9999)
          TOKEN_33(9999): "A", line: 1, col: 98
          TOKEN_46(9999): "N", line: 1, col: 99
          TOKEN_36(9999): "D", line: 1, col: 100
        ExpressionClause(9999)
          ExpressionPhrase(9999)
            Comparison(9999)
              IdentifierFirstComparison(9999)
                Identifier(9999)
                  LowercaseLetter(9999)
                    TOKEN_70(9999): "e", line: 1, col: 102
                  LowercaseLetter(9999)
                    TOKEN_77(9999): "l", line: 1, col: 103
                  LowercaseLetter(9999)
                    TOKEN_70(9999): "e", line: 1, col: 104
                  LowercaseLetter(9999)
                    TOKEN_78(9999): "m", line: 1, col: 105
                  LowercaseLetter(9999)
                    TOKEN_70(9999): "e", line: 1, col: 106
                  LowercaseLetter(9999)
                    TOKEN_79(9999): "n", line: 1, col: 107
                  LowercaseLetter(9999)
                    TOKEN_85(9999): "t", line: 1, col: 108
                  LowercaseLetter(9999)
                    TOKEN_84(9999): "s", line: 1, col: 109
                SetZipOpRhs(9999)
                  IdentifierZipAddon(9999)
                    TOKEN_26(9999): ":", line: 1, col: 110
                    Identifier(9999)
                      LowercaseLetter(9999)
                        TOKEN_64(9999): "_", line: 1, col: 111
                      LowercaseLetter(9999)
                        TOKEN_70(9999): "e", line: 1, col: 112
                      LowercaseLetter(9999)
                        TOKEN_89(9999): "x", line: 1, col: 113
                      LowercaseLetter(9999)
                        TOKEN_78(9999): "m", line: 1, col: 114
                      LowercaseLetter(9999)
                        TOKEN_81(9999): "p", line: 1, col: 115
                      LowercaseLetter(9999)
                        TOKEN_77(9999): "l", line: 1, col: 116
                      LowercaseLetter(9999)
                        TOKEN_64(9999): "_", line: 1, col: 117
                      LowercaseLetter(9999)
                        TOKEN_70(9999): "e", line: 1, col: 118
                      LowercaseLetter(9999)
                        TOKEN_77(9999): "l", line: 1, col: 119
                      LowercaseLetter(9999)
                        TOKEN_70(9999): "e", line: 1, col: 120
                      LowercaseLetter(9999)
                        TOKEN_78(9999): "m", line: 1, col: 121
                      LowercaseLetter(9999)
                        TOKEN_70(9999): "e", line: 1, col: 122
                      LowercaseLetter(9999)
                        TOKEN_79(9999): "n", line: 1, col: 123
                      LowercaseLetter(9999)
                        TOKEN_85(9999): "t", line: 1, col: 124
                      LowercaseLetter(9999)
                        TOKEN_64(9999): "_", line: 1, col: 125
                      LowercaseLetter(9999)
                        TOKEN_68(9999): "c", line: 1, col: 126
                      LowercaseLetter(9999)
                        TOKEN_80(9999): "o", line: 1, col: 127
                      LowercaseLetter(9999)
                        TOKEN_86(9999): "u", line: 1, col: 128
                      LowercaseLetter(9999)
                        TOKEN_79(9999): "n", line: 1, col: 129
                      LowercaseLetter(9999)
                        TOKEN_85(9999): "t", line: 1, col: 130
                      LowercaseLetter(9999)
                        TOKEN_84(9999): "s", line: 1, col: 131
                  HAS(9999)
                    TOKEN_40(9999): "H", line: 1, col: 133
                    TOKEN_33(9999): "A", line: 1, col: 134
                    TOKEN_51(9999): "S", line: 1, col: 135
                  EXACTLY(9999)
                    TOKEN_37(9999): "E", line: 1, col: 137
                    TOKEN_56(9999): "X", line: 1, col: 138
                    TOKEN_33(9999): "A", line: 1, col: 139
                    TOKEN_35(9999): "C", line: 1, col: 140
                    TOKEN_52(9999): "T", line: 1, col: 141
                    TOKEN_44(9999): "L", line: 1, col: 142
                    TOKEN_57(9999): "Y", line: 1, col: 143
                  ValueZipList(9999)
                    ValueZip(9999)
                      Value(9999)
                        String(9999)
                          TOKEN_3(9999): """, line: 1, col: 145
                          EscapedChar(9999)
                            UnescapedChar(9999)
                              Letter(9999)
                                UppercaseLetter(9999)
                                  TOKEN_40(9999): "H", line: 1, col: 146
                          TOKEN_3(9999): """, line: 1, col: 147
                      TOKEN_26(9999): ":", line: 1, col: 148
                      Value(9999)
                        Number(9999)
                          Digits(9999)
                            Digit(9999)
                              TOKEN_22(9999): "6", line: 1, col: 149
          AND(9999)
            TOKEN_33(9999): "A", line: 1, col: 151
            TOKEN_46(9999): "N", line: 1, col: 152
            TOKEN_36(9999): "D", line: 1, col: 153
          ExpressionClause(9999)
            ExpressionPhrase(9999)
              Comparison(9999)
                IdentifierFirstComparison(9999)
                  Identifier(9999)
                    LowercaseLetter(9999)
                      TOKEN_70(9999): "e", line: 1, col: 155
                    LowercaseLetter(9999)
                      TOKEN_77(9999): "l", line: 1, col: 156
                    LowercaseLetter(9999)
                      TOKEN_70(9999): "e", line: 1, col: 157
                    LowercaseLetter(9999)
                      TOKEN_78(9999): "m", line: 1, col: 158
                    LowercaseLetter(9999)
                      TOKEN_70(9999): "e", line: 1, col: 159
                    LowercaseLetter(9999)
                      TOKEN_79(9999): "n", line: 1, col: 160
                    LowercaseLetter(9999)
                      TOKEN_85(9999): "t", line: 1, col: 161
                    LowercaseLetter(9999)
                      TOKEN_84(9999): "s", line: 1, col: 162
                  SetZipOpRhs(9999)
                    IdentifierZipAddon(9999)
                      TOKEN_26(9999): ":", line: 1, col: 163
                      Identifier(9999)
                        LowercaseLetter(9999)
                          TOKEN_64(9999): "_", line: 1, col: 164
                        LowercaseLetter(9999)
                          TOKEN_70(9999): "e", line: 1, col: 165
                        LowercaseLetter(9999)
                          TOKEN_89(9999): "x", line: 1, col: 166
                        LowercaseLetter(9999)
                          TOKEN_78(9999): "m", line: 1, col: 167
                        LowercaseLetter(9999)
                          TOKEN_81(9999): "p", line: 1, col: 168
                        LowercaseLetter(9999)
                          TOKEN_77(9999): "l", line: 1, col: 169
                        LowercaseLetter(9999)
                          TOKEN_64(9999): "_", line: 1, col: 170
                        LowercaseLetter(9999)
                          TOKEN_70(9999): "e", line: 1, col: 171
                        LowercaseLetter(9999)
                          TOKEN_77(9999): "l", line: 1, col: 172
                        LowercaseLetter(9999)
                          TOKEN_70(9999): "e", line: 1, col: 173
                        LowercaseLetter(9999)
                          TOKEN_78(9999): "m", line: 1, col: 174
                        LowercaseLetter(9999)
                          TOKEN_70(9999): "e", line: 1, col: 175
                        LowercaseLetter(9999)
                          TOKEN_79(9999): "n", line: 1, col: 176
                        LowercaseLetter(9999)
                          TOKEN_85(9999): "t", line: 1, col: 177
                        LowercaseLetter(9999)
                          TOKEN_64(9999): "_", line: 1, col: 178
                        LowercaseLetter(9999)
                          TOKEN_68(9999): "c", line: 1, col: 179
                        LowercaseLetter(9999)
                          TOKEN_80(9999): "o", line: 1, col: 180
                        LowercaseLetter(9999)
                          TOKEN_86(9999): "u", line: 1, col: 181
                        LowercaseLetter(9999)
                          TOKEN_79(9999): "n", line: 1, col: 182
                        LowercaseLetter(9999)
                          TOKEN_85(9999): "t", line: 1, col: 183
                        LowercaseLetter(9999)
                          TOKEN_84(9999): "s", line: 1, col: 184
                    HAS(9999)
                      TOKEN_40(9999): "H", line: 1, col: 186
                      TOKEN_33(9999): "A", line: 1, col: 187
                      TOKEN_51(9999): "S", line: 1, col: 188
                    ANY(9999)
                      TOKEN_33(9999): "A", line: 1, col: 190
                      TOKEN_46(9999): "N", line: 1, col: 191
                      TOKEN_57(9999): "Y", line: 1, col: 192
                    ValueZipList(9999)
                      ValueZip(9999)
                        Value(9999)
                          String(9999)
                            TOKEN_3(9999): """, line: 1, col: 194
                            EscapedChar(9999)
                              UnescapedChar(9999)
                                Letter(9999)
                                  UppercaseLetter(9999)
                                    TOKEN_40(9999): "H", line: 1, col: 195
                            TOKEN_3(9999): """, line: 1, col: 196
                        TOKEN_26(9999): ":", line: 1, col: 197
                        Value(9999)
                          Number(9999)
                            Digits(9999)
                              Digit(9999)
                                TOKEN_22(9999): "6", line: 1, col: 198
                      TOKEN_12(9999): ",", line: 1, col: 199
                      ValueZip(9999)
                        Value(9999)
                          String(9999)
                            TOKEN_3(9999): """, line: 1, col: 200
                            EscapedChar(9999)
                              UnescapedChar(9999)
                                Letter(9999)
                                  UppercaseLetter(9999)
                                    TOKEN_40(9999): "H", line: 1, col: 201
                            EscapedChar(9999)
                              UnescapedChar(9999)
                                Letter(9999)
                                  LowercaseLetter(9999)
                                    TOKEN_70(9999): "e", line: 1, col: 202
                            TOKEN_3(9999): """, line: 1, col: 203
                        TOKEN_26(9999): ":", line: 1, col: 204
                        Value(9999)
                          Number(9999)
                            Digits(9999)
                              Digit(9999)
                                TOKEN_23(9999): "7", line: 1, col: 205
            AND(9999)
              TOKEN_33(9999): "A", line: 1, col: 207
              TOKEN_46(9999): "N", line: 1, col: 208
              TOKEN_36(9999): "D", line: 1, col: 209
            ExpressionClause(9999)
              ExpressionPhrase(9999)
                Comparison(9999)
                  IdentifierFirstComparison(9999)
                    Identifier(9999)
                      LowercaseLetter(9999)
                        TOKEN_70(9999): "e", line: 1, col: 211
                      LowercaseLetter(9999)
                        TOKEN_77(9999): "l", line: 1, col: 212
                      LowercaseLetter(9999)
                        TOKEN_70(9999): "e", line: 1, col: 213
                      LowercaseLetter(9999)
                        TOKEN_78(9999): "m", line: 1, col: 214
                      LowercaseLetter(9999)
                        TOKEN_70(9999): "e", line: 1, col: 215
                      LowercaseLetter(9999)
                        TOKEN_79(9999): "n", line: 1, col: 216
                      LowercaseLetter(9999)
                        TOKEN_85(9999): "t", line: 1, col: 217
                      LowercaseLetter(9999)
                        TOKEN_84(9999): "s", line: 1, col: 218
                    SetZipOpRhs(9999)
                      IdentifierZipAddon(9999)
                        TOKEN_26(9999): ":", line: 1, col: 219
                        Identifier(9999)
                          LowercaseLetter(9999)
                            TOKEN_64(9999): "_", line: 1, col: 220
                          LowercaseLetter(9999)
                            TOKEN_70(9999): "e", line: 1, col: 221
                          LowercaseLetter(9999)
                            TOKEN_89(9999): "x", line: 1, col: 222
                          LowercaseLetter(9999)
                            TOKEN_78(9999): "m", line: 1, col: 223
                          LowercaseLetter(9999)
                            TOKEN_81(9999): "p", line: 1, col: 224
                          LowercaseLetter(9999)
                            TOKEN_77(9999): "l", line: 1, col: 225
                          LowercaseLetter(9999)
                            TOKEN_64(9999): "_", line: 1, col: 226
                          LowercaseLetter(9999)
                            TOKEN_70(9999): "e", line: 1, col: 227
                          LowercaseLetter(9999)
                            TOKEN_77(9999): "l", line: 1, col: 228
                          LowercaseLetter(9999)
                            TOKEN_70(9999): "e", line: 1, col: 229
                          LowercaseLetter(9999)
                            TOKEN_78(9999): "m", line: 1, col: 230
                          LowercaseLetter(9999)
                            TOKEN_70(9999): "e", line: 1, col: 231
                          LowercaseLetter(9999)
                            TOKEN_79(9999): "n", line: 1, col: 232
                          LowercaseLetter(9999)
                            TOKEN_85(9999): "t", line: 1, col: 233
                          LowercaseLetter(9999)
                            TOKEN_64(9999): "_", line: 1, col: 234
                          LowercaseLetter(9999)
                            TOKEN_68(9999): "c", line: 1, col: 235
                          LowercaseLetter(9999)
                            TOKEN_80(9999): "o", line: 1, col: 236
                          LowercaseLetter(9999)
                            TOKEN_86(9999): "u", line: 1, col: 237
                          LowercaseLetter(9999)
                            TOKEN_79(9999): "n", line: 1, col: 238
                          LowercaseLetter(9999)
                            TOKEN_85(9999): "t", line: 1, col: 239
                          LowercaseLetter(9999)
                            TOKEN_84(9999): "s", line: 1, col: 240
                      HAS(9999)
                        TOKEN_40(9999): "H", line: 1, col: 242
                        TOKEN_33(9999): "A", line: 1, col: 243
                        TOKEN_51(9999): "S", line: 1, col: 244
                      ONLY(9999)
                        TOKEN_47(9999): "O", line: 1, col: 246
                        TOKEN_46(9999): "N", line: 1, col: 247
                        TOKEN_44(9999): "L", line: 1, col: 248
                        TOKEN_57(9999): "Y", line: 1, col: 249
                      ValueZipList(9999)
                        ValueZip(9999)
                          Value(9999)
                            String(9999)
                              TOKEN_3(9999): """, line: 1, col: 251
                              EscapedChar(9999)
                                UnescapedChar(9999)
                                  Letter(9999)
                                    UppercaseLetter(9999)
                                      TOKEN_40(9999): "H", line: 1, col: 252
                              TOKEN_3(9999): """, line: 1, col: 253
                          TOKEN_26(9999): ":", line: 1, col: 254
                          Value(9999)
                            Number(9999)
                              Digits(9999)
                                Digit(9999)
                                  TOKEN_22(9999): "6", line: 1, col: 255
                        TOKEN_12(9999): ",", line: 1, col: 256
                        ValueZip(9999)
                          Value(9999)
                            String(9999)
                              TOKEN_3(9999): """, line: 1, col: 257
                              EscapedChar(9999)
                                UnescapedChar(9999)
                                  Letter(9999)
                                    UppercaseLetter(9999)
                                      TOKEN_40(9999): "H", line: 1, col: 258
                              EscapedChar(9999)
                                UnescapedChar(9999)
                                  Letter(9999)
                                    LowercaseLetter(9999)
                                      TOKEN_70(9999): "e", line: 1, col: 259
                              TOKEN_3(9999): """, line: 1, col: 260
                          TOKEN_26(9999): ":", line: 1, col: 261
                          Value(9999)
                            Number(9999)
                              Digits(9999)
                                Digit(9999)
                                  TOKEN_23(9999): "7", line: 1, col: 262
