RUN /dev/fd/63
java -jar ./tests/tools/grammatiker/BNF/lib/lib/grammatica-20190513.jar tests/generated/Filter.g --parse /dev/fd/63
Parse tree from /dev/fd/63:
Filter(9999)
  Expression(9999)
    ExpressionClause(9999)
      ExpressionPhrase(9999)
        PredicateComparison(9999)
          LengthComparison(9999)
            LENGTH(9999)
              TOKEN_10(9999): "LENGTH", line: 1, col: 1
            Identifier(9999)
              Letter(9999)
                TOKEN_85(9999): "e", line: 1, col: 8
              Letter(9999)
                TOKEN_92(9999): "l", line: 1, col: 9
              Letter(9999)
                TOKEN_85(9999): "e", line: 1, col: 10
              Letter(9999)
                TOKEN_93(9999): "m", line: 1, col: 11
              Letter(9999)
                TOKEN_85(9999): "e", line: 1, col: 12
              Letter(9999)
                TOKEN_94(9999): "n", line: 1, col: 13
              Letter(9999)
                TOKEN_100(9999): "t", line: 1, col: 14
              Letter(9999)
                TOKEN_99(9999): "s", line: 1, col: 15
            Operator(9999)
              TOKEN_44(9999): "=", line: 1, col: 17
            Value(9999)
              String(9999)
                TOKEN_18(9999): """, line: 1, col: 19
                EscapedChar(9999)
                  UnescapedChar(9999)
                    Digit(9999)
                      TOKEN_35(9999): "4", line: 1, col: 20
                EscapedChar(9999)
                  UnescapedChar(9999)
                    Digit(9999)
                      TOKEN_33(9999): "2", line: 1, col: 21
                TOKEN_18(9999): """, line: 1, col: 22
