RUN /dev/fd/63
java -jar ./tests/tools/grammatiker/BNF/lib/lib/grammatica-20190513.jar tests/generated/Filter.g --parse /dev/fd/63
Parse tree from /dev/fd/63:
Filter(9999)
  Expression(9999)
    ExpressionClause(9999)
      ExpressionPhrase(9999)
        Comparison(9999)
          IdentifierFirstComparison(9999)
            Identifier(9999)
              LowercaseLetter(9999)
                TOKEN_70(9999): "e", line: 1, col: 1
              LowercaseLetter(9999)
                TOKEN_77(9999): "l", line: 1, col: 2
              LowercaseLetter(9999)
                TOKEN_70(9999): "e", line: 1, col: 3
              LowercaseLetter(9999)
                TOKEN_78(9999): "m", line: 1, col: 4
              LowercaseLetter(9999)
                TOKEN_70(9999): "e", line: 1, col: 5
              LowercaseLetter(9999)
                TOKEN_79(9999): "n", line: 1, col: 6
              LowercaseLetter(9999)
                TOKEN_85(9999): "t", line: 1, col: 7
              LowercaseLetter(9999)
                TOKEN_84(9999): "s", line: 1, col: 8
              Spaces(9999)
                Space(9999)
                  TOKEN_1(9999): " ", line: 1, col: 9
Error: in /dev/fd/63: line 1:
    unexpected token "L", expected one of "<", ">", "=", "!", "I",
    "C", "S", "E", "H", or ":"
