RUN /dev/fd/63
java -jar ./tests/tools/grammatiker/BNF/lib/lib/grammatica-20190513.jar tests/generated/Filter.g --parse /dev/fd/63
Parse tree from /dev/fd/63:
Filter(9999)
  Expression(9999)
    ExpressionClause(9999)
      ExpressionPhrase(9999)
        Comparison(9999)
          IdentifierFirstComparison(9999)
            Identifier(9999)
              Letter(9999)
                TOKEN_83(9999): "b", line: 1, col: 1
            ValueOpRhs(9999)
              Operator(9999)
                TOKEN_45(9999): "=", line: 1, col: 2
              Value(9999)
                String(9999)
                  TOKEN_19(9999): """, line: 1, col: 3
                  EscapedChar(9999)
                    UnescapedChar(9999)
                      Letter(9999)
                        TOKEN_92(9999): "k", line: 1, col: 4
                  EscapedChar(9999)
                    UnescapedChar(9999)
                      Letter(9999)
                        TOKEN_103(9999): "v", line: 1, col: 5
                  EscapedChar(9999)
                    UnescapedChar(9999)
                      Letter(9999)
                        TOKEN_82(9999): "a", line: 1, col: 6
                  TOKEN_19(9999): """, line: 1, col: 7
      AND(9999)
        TOKEN_2(9999): "AND", line: 1, col: 9
      ExpressionClause(9999)
        ExpressionPhrase(9999)
          TOKEN_24(9999): "(", line: 1, col: 13
          Expression(9999)
            ExpressionClause(9999)
              ExpressionPhrase(9999)
                Comparison(9999)
                  ConstantFirstComparison(9999)
                    Constant(9999)
                      Number(9999)
                        Digits(9999)
                          Digit(9999)
                            TOKEN_33(9999): "1", line: 1, col: 14
                    ValueOpRhs(9999)
                      Operator(9999)
                        TOKEN_44(9999): "<", line: 1, col: 15
                      Value(9999)
                        Identifier(9999)
                          Letter(9999)
                            TOKEN_100(9999): "s", line: 1, col: 16
            OR(9999)
              TOKEN_13(9999): "OR", line: 1, col: 18
            Expression(9999)
              ExpressionClause(9999)
                ExpressionPhrase(9999)
                  NOT(9999)
                    TOKEN_11(9999): "NOT", line: 1, col: 21
                  TOKEN_24(9999): "(", line: 1, col: 24
                  Expression(9999)
                    ExpressionClause(9999)
                      ExpressionPhrase(9999)
                        Comparison(9999)
                          IdentifierFirstComparison(9999)
                            Identifier(9999)
                              Letter(9999)
                                TOKEN_105(9999): "x", line: 1, col: 26
                            ValueOpRhs(9999)
                              Operator(9999)
                                TOKEN_18(9999): "!", line: 1, col: 27
                                TOKEN_45(9999): "=", line: 1, col: 28
                              Value(9999)
                                Identifier(9999)
                                  Letter(9999)
                                    TOKEN_106(9999): "y", line: 1, col: 29
                      AND(9999)
                        TOKEN_2(9999): "AND", line: 1, col: 31
                      ExpressionClause(9999)
                        ExpressionPhrase(9999)
                          Comparison(9999)
                            IdentifierFirstComparison(9999)
                              Identifier(9999)
                                Letter(9999)
                                  TOKEN_107(9999): "z", line: 1, col: 35
                              ValueOpRhs(9999)
                                Operator(9999)
                                  TOKEN_46(9999): ">", line: 1, col: 36
                                Value(9999)
                                  Number(9999)
                                    Digits(9999)
                                      Digit(9999)
                                        TOKEN_32(9999): "0", line: 1, col: 37
                  TOKEN_25(9999): ")", line: 1, col: 39
          TOKEN_25(9999): ")", line: 1, col: 41
