RUN /dev/fd/63
java -jar ./tests/tools/grammatiker/BNF/lib/lib/grammatica-20190513.jar tests/generated/Filter.g --parse /dev/fd/63
Parse tree from /dev/fd/63:
Filter(9999)
  Expression(9999)
    ExpressionClause(9999)
      ExpressionPhrase(9999)
        Comparison(9999)
          IdentifierFirstComparison(9999)
            Identifier(9999)
              Letter(9999)
                TOKEN_84(9999): "c", line: 1, col: 1
              Letter(9999)
                TOKEN_89(9999): "h", line: 1, col: 2
              Letter(9999)
                TOKEN_86(9999): "e", line: 1, col: 3
              Letter(9999)
                TOKEN_94(9999): "m", line: 1, col: 4
              Letter(9999)
                TOKEN_90(9999): "i", line: 1, col: 5
              Letter(9999)
                TOKEN_84(9999): "c", line: 1, col: 6
              Letter(9999)
                TOKEN_82(9999): "a", line: 1, col: 7
              Letter(9999)
                TOKEN_93(9999): "l", line: 1, col: 8
              Letter(9999)
                TOKEN_80(9999): "_", line: 1, col: 9
              Letter(9999)
                TOKEN_87(9999): "f", line: 1, col: 10
              Letter(9999)
                TOKEN_96(9999): "o", line: 1, col: 11
              Letter(9999)
                TOKEN_99(9999): "r", line: 1, col: 12
              Letter(9999)
                TOKEN_94(9999): "m", line: 1, col: 13
              Letter(9999)
                TOKEN_102(9999): "u", line: 1, col: 14
              Letter(9999)
                TOKEN_93(9999): "l", line: 1, col: 15
              Letter(9999)
                TOKEN_82(9999): "a", line: 1, col: 16
            ValueOpRhs(9999)
              Operator(9999)
                TOKEN_45(9999): "=", line: 1, col: 18
Error: in /dev/fd/63: line 1:
    unexpected token "'", expected one of """, "+", "-", "0", "1",
    "2", "3", "4", "5", "6", "7", "8", "9", ".", "A", "B", "C", "D",
    "E", "F", "G", "H", "I", "J", "K", "L", "M", "N", "O", "P", "Q",
    "R", "S", "T", "U", "V", "W", "X", "Y", "Z", "a", "b", "c", "d",
    "e", "f", "g", "h", "i", "j", "k", "l", "m", "n", "o", "p", "q",
    "r", "s", "t", "u", "v", "w", "x", "y", "z", or "_"
