RUN /dev/fd/63
java -jar ./tests/tools/grammatiker/BNF/lib/lib/grammatica-20190513.jar tests/generated/Filter.g --parse /dev/fd/63
Parse tree from /dev/fd/63:
Filter(9999)
  Expression(9999)
    ExpressionClause(9999)
      ExpressionPhrase(9999)
        Comparison(9999)
          IdentifierFirstComparison(9999)
            Identifier(9999)
              Letter(9999)
                TOKEN_86(9999): "e", line: 1, col: 1
              Letter(9999)
                TOKEN_93(9999): "l", line: 1, col: 2
              Letter(9999)
                TOKEN_86(9999): "e", line: 1, col: 3
              Letter(9999)
                TOKEN_94(9999): "m", line: 1, col: 4
              Letter(9999)
                TOKEN_86(9999): "e", line: 1, col: 5
              Letter(9999)
                TOKEN_95(9999): "n", line: 1, col: 6
              Letter(9999)
                TOKEN_101(9999): "t", line: 1, col: 7
              Letter(9999)
                TOKEN_100(9999): "s", line: 1, col: 8
            SetZipOpRhs(9999)
              IdentifierZipAddon(9999)
                TOKEN_42(9999): ":", line: 1, col: 9
                Identifier(9999)
                  Letter(9999)
                    TOKEN_80(9999): "_", line: 1, col: 10
                  Letter(9999)
                    TOKEN_86(9999): "e", line: 1, col: 11
                  Letter(9999)
                    TOKEN_105(9999): "x", line: 1, col: 12
                  Letter(9999)
                    TOKEN_94(9999): "m", line: 1, col: 13
                  Letter(9999)
                    TOKEN_97(9999): "p", line: 1, col: 14
                  Letter(9999)
                    TOKEN_93(9999): "l", line: 1, col: 15
                  Letter(9999)
                    TOKEN_80(9999): "_", line: 1, col: 16
                  Letter(9999)
                    TOKEN_86(9999): "e", line: 1, col: 17
                  Letter(9999)
                    TOKEN_93(9999): "l", line: 1, col: 18
                  Letter(9999)
                    TOKEN_86(9999): "e", line: 1, col: 19
                  Letter(9999)
                    TOKEN_94(9999): "m", line: 1, col: 20
                  Letter(9999)
                    TOKEN_86(9999): "e", line: 1, col: 21
                  Letter(9999)
                    TOKEN_95(9999): "n", line: 1, col: 22
                  Letter(9999)
                    TOKEN_101(9999): "t", line: 1, col: 23
                  Letter(9999)
                    TOKEN_80(9999): "_", line: 1, col: 24
                  Letter(9999)
                    TOKEN_84(9999): "c", line: 1, col: 25
                  Letter(9999)
                    TOKEN_96(9999): "o", line: 1, col: 26
                  Letter(9999)
                    TOKEN_102(9999): "u", line: 1, col: 27
                  Letter(9999)
                    TOKEN_95(9999): "n", line: 1, col: 28
                  Letter(9999)
                    TOKEN_101(9999): "t", line: 1, col: 29
                  Letter(9999)
                    TOKEN_100(9999): "s", line: 1, col: 30
                TOKEN_42(9999): ":", line: 1, col: 31
                Identifier(9999)
                  Letter(9999)
                    TOKEN_80(9999): "_", line: 1, col: 32
                  Letter(9999)
                    TOKEN_86(9999): "e", line: 1, col: 33
                  Letter(9999)
                    TOKEN_105(9999): "x", line: 1, col: 34
                  Letter(9999)
                    TOKEN_94(9999): "m", line: 1, col: 35
                  Letter(9999)
                    TOKEN_97(9999): "p", line: 1, col: 36
                  Letter(9999)
                    TOKEN_93(9999): "l", line: 1, col: 37
                  Letter(9999)
                    TOKEN_80(9999): "_", line: 1, col: 38
                  Letter(9999)
                    TOKEN_86(9999): "e", line: 1, col: 39
                  Letter(9999)
                    TOKEN_93(9999): "l", line: 1, col: 40
                  Letter(9999)
                    TOKEN_86(9999): "e", line: 1, col: 41
                  Letter(9999)
                    TOKEN_94(9999): "m", line: 1, col: 42
                  Letter(9999)
                    TOKEN_86(9999): "e", line: 1, col: 43
                  Letter(9999)
                    TOKEN_95(9999): "n", line: 1, col: 44
                  Letter(9999)
                    TOKEN_101(9999): "t", line: 1, col: 45
                  Letter(9999)
                    TOKEN_80(9999): "_", line: 1, col: 46
                  Letter(9999)
                    TOKEN_104(9999): "w", line: 1, col: 47
                  Letter(9999)
                    TOKEN_86(9999): "e", line: 1, col: 48
                  Letter(9999)
                    TOKEN_90(9999): "i", line: 1, col: 49
                  Letter(9999)
                    TOKEN_88(9999): "g", line: 1, col: 50
                  Letter(9999)
                    TOKEN_89(9999): "h", line: 1, col: 51
                  Letter(9999)
                    TOKEN_101(9999): "t", line: 1, col: 52
                  Letter(9999)
                    TOKEN_100(9999): "s", line: 1, col: 53
              HAS(9999)
                TOKEN_7(9999): "HAS", line: 1, col: 55
              ANY(9999)
                TOKEN_3(9999): "ANY", line: 1, col: 59
              ValueZipList(9999)
                ValueZip(9999)
                  Operator(9999)
                    TOKEN_46(9999): ">", line: 1, col: 63
                  Value(9999)
                    Number(9999)
                      Digits(9999)
                        Digit(9999)
                          TOKEN_35(9999): "3", line: 1, col: 65
                  TOKEN_42(9999): ":", line: 1, col: 66
                  Value(9999)
                    String(9999)
                      TOKEN_19(9999): """, line: 1, col: 67
                      EscapedChar(9999)
                        UnescapedChar(9999)
                          Letter(9999)
                            TOKEN_56(9999): "H", line: 1, col: 68
                      EscapedChar(9999)
                        UnescapedChar(9999)
                          Letter(9999)
                            TOKEN_86(9999): "e", line: 1, col: 69
                      TOKEN_19(9999): """, line: 1, col: 70
                  TOKEN_42(9999): ":", line: 1, col: 71
                  Operator(9999)
                    TOKEN_46(9999): ">", line: 1, col: 72
                  Value(9999)
                    Number(9999)
                      Digits(9999)
                        Digit(9999)
                          TOKEN_37(9999): "5", line: 1, col: 73
                        Digit(9999)
                          TOKEN_37(9999): "5", line: 1, col: 74
                      TOKEN_30(9999): ".", line: 1, col: 75
                      Digits(9999)
                        Digit(9999)
                          TOKEN_35(9999): "3", line: 1, col: 76
                TOKEN_28(9999): ",", line: 1, col: 78
                ValueZip(9999)
                  Operator(9999)
                    TOKEN_45(9999): "=", line: 1, col: 80
                  Value(9999)
                    Number(9999)
                      Digits(9999)
                        Digit(9999)
                          TOKEN_38(9999): "6", line: 1, col: 82
                  TOKEN_42(9999): ":", line: 1, col: 83
                  Operator(9999)
                    TOKEN_46(9999): ">", line: 1, col: 84
                  Value(9999)
                    String(9999)
                      TOKEN_19(9999): """, line: 1, col: 85
                      EscapedChar(9999)
                        UnescapedChar(9999)
                          Letter(9999)
                            TOKEN_68(9999): "T", line: 1, col: 86
                      EscapedChar(9999)
                        UnescapedChar(9999)
                          Letter(9999)
                            TOKEN_90(9999): "i", line: 1, col: 87
                      TOKEN_19(9999): """, line: 1, col: 88
                  TOKEN_42(9999): ":", line: 1, col: 89
                  Operator(9999)
                    TOKEN_44(9999): "<", line: 1, col: 90
                  Value(9999)
                    Number(9999)
                      Digits(9999)
                        Digit(9999)
                          TOKEN_35(9999): "3", line: 1, col: 91
                        Digit(9999)
                          TOKEN_39(9999): "7", line: 1, col: 92
                      TOKEN_30(9999): ".", line: 1, col: 93
                      Digits(9999)
                        Digit(9999)
                          TOKEN_38(9999): "6", line: 1, col: 94
                TOKEN_28(9999): ",", line: 1, col: 96
                ValueZip(9999)
                  Value(9999)
                    Number(9999)
                      Digits(9999)
                        Digit(9999)
                          TOKEN_40(9999): "8", line: 1, col: 98
                  TOKEN_42(9999): ":", line: 1, col: 99
                  Operator(9999)
                    TOKEN_44(9999): "<", line: 1, col: 100
                  Value(9999)
                    String(9999)
                      TOKEN_19(9999): """, line: 1, col: 101
                      EscapedChar(9999)
                        UnescapedChar(9999)
                          Letter(9999)
                            TOKEN_55(9999): "G", line: 1, col: 102
                      EscapedChar(9999)
                        UnescapedChar(9999)
                          Letter(9999)
                            TOKEN_82(9999): "a", line: 1, col: 103
                      TOKEN_19(9999): """, line: 1, col: 104
                  TOKEN_42(9999): ":", line: 1, col: 105
                  Value(9999)
                    Number(9999)
                      Digits(9999)
                        Digit(9999)
                          TOKEN_32(9999): "0", line: 1, col: 106
