RUN /dev/fd/63
java -jar ./tests/tools/grammatiker/BNF/lib/lib/grammatica-20190513.jar tests/generated/Filter.g --parse /dev/fd/63
Parse tree from /dev/fd/63:
Filter(9999)
  Expression(9999)
    ExpressionClause(9999)
      ExpressionPhrase(9999)
        Comparison(9999)
          IdentifierFirstComparison(9999)
            Identifier(9999)
              Letter(9999)
                TOKEN_82(9999): "a", line: 1, col: 1
            ValueOpRhs(9999)
              Operator(9999)
                TOKEN_46(9999): ">", line: 1, col: 3
              Value(9999)
                Identifier(9999)
                  Letter(9999)
                    TOKEN_83(9999): "b", line: 1, col: 5
      AND(9999)
        TOKEN_2(9999): "AND", line: 1, col: 7
      ExpressionClause(9999)
        ExpressionPhrase(9999)
          TOKEN_24(9999): "(", line: 1, col: 11
          Expression(9999)
            ExpressionClause(9999)
              ExpressionPhrase(9999)
                Comparison(9999)
                  IdentifierFirstComparison(9999)
                    Identifier(9999)
                      Letter(9999)
                        TOKEN_82(9999): "a", line: 1, col: 12
                    ValueOpRhs(9999)
                      Operator(9999)
                        TOKEN_46(9999): ">", line: 1, col: 14
                      Value(9999)
                        Number(9999)
                          Digits(9999)
                            Digit(9999)
                              TOKEN_32(9999): "0", line: 1, col: 16
            OR(9999)
              TOKEN_13(9999): "OR", line: 1, col: 18
            Expression(9999)
              ExpressionClause(9999)
                ExpressionPhrase(9999)
                  Comparison(9999)
                    IdentifierFirstComparison(9999)
                      Identifier(9999)
                        Letter(9999)
                          TOKEN_83(9999): "b", line: 1, col: 21
                      ValueOpRhs(9999)
                        Operator(9999)
                          TOKEN_46(9999): ">", line: 1, col: 23
                        Value(9999)
                          Number(9999)
                            Digits(9999)
                              Digit(9999)
                                TOKEN_32(9999): "0", line: 1, col: 25
          TOKEN_25(9999): ")", line: 1, col: 26
