RUN /dev/fd/63
java -jar ./tests/tools/grammatiker/BNF/lib/lib/grammatica-20190513.jar tests/generated/Filter.g --parse /dev/fd/63
Parse tree from /dev/fd/63:
Filter(9999)
  Expression(9999)
    ExpressionClause(9999)
      ExpressionPhrase(9999)
        Comparison(9999)
          Identifier(9999)
            Letter(9999)
              TOKEN_81(9999): "a", line: 1, col: 1
            Letter(9999)
              TOKEN_81(9999): "a", line: 1, col: 2
            Letter(9999)
              TOKEN_104(9999): "x", line: 1, col: 3
          ValueOpRhs(9999)
            Operator(9999)
              TOKEN_43(9999): "<", line: 1, col: 5
              TOKEN_44(9999): "=", line: 1, col: 6
            Value(9999)
              Number(9999)
                Sign(9999)
                  TOKEN_26(9999): "+", line: 1, col: 8
                TOKEN_29(9999): ".", line: 1, col: 9
                Digits(9999)
                  Digit(9999)
                    TOKEN_32(9999): "1", line: 1, col: 10
                Exponent(9999)
                  TOKEN_85(9999): "e", line: 1, col: 11
                  Digits(9999)
                    Digit(9999)
                      TOKEN_39(9999): "8", line: 1, col: 12
    OR(9999)
      TOKEN_13(9999): "OR", line: 1, col: 14
    Expression(9999)
      ExpressionClause(9999)
        ExpressionPhrase(9999)
          Comparison(9999)
            Identifier(9999)
              Letter(9999)
                TOKEN_83(9999): "c", line: 1, col: 17
              Digit(9999)
                TOKEN_33(9999): "2", line: 1, col: 18
              Digit(9999)
                TOKEN_32(9999): "1", line: 1, col: 19
            ValueOpRhs(9999)
              Operator(9999)
                TOKEN_45(9999): ">", line: 1, col: 21
                TOKEN_44(9999): "=", line: 1, col: 22
              Value(9999)
                String(9999)
                  TOKEN_18(9999): """, line: 1, col: 24
                  EscapedChar(9999)
                    UnescapedChar(9999)
                      Letter(9999)
                        TOKEN_66(9999): "S", line: 1, col: 25
                  EscapedChar(9999)
                    UnescapedChar(9999)
                      UnicodeHighChar(9999)
                        SPECIAL_0(9999): "ą", line: 1, col: 26
                  EscapedChar(9999)
                    UnescapedChar(9999)
                      UnicodeHighChar(9999)
                        SPECIAL_0(9999): "ž", line: 1, col: 27
                  EscapedChar(9999)
                    UnescapedChar(9999)
                      Letter(9999)
                        TOKEN_89(9999): "i", line: 1, col: 28
                  EscapedChar(9999)
                    UnescapedChar(9999)
                      Letter(9999)
                        TOKEN_94(9999): "n", line: 1, col: 29
                  EscapedChar(9999)
                    UnescapedChar(9999)
                      Letter(9999)
                        TOKEN_89(9999): "i", line: 1, col: 30
                  EscapedChar(9999)
                    UnescapedChar(9999)
                      Letter(9999)
                        TOKEN_94(9999): "n", line: 1, col: 31
                  EscapedChar(9999)
                    UnescapedChar(9999)
                      Letter(9999)
                        TOKEN_87(9999): "g", line: 1, col: 32
                  EscapedChar(9999)
                    UnescapedChar(9999)
                      Letter(9999)
                        TOKEN_81(9999): "a", line: 1, col: 33
                  EscapedChar(9999)
                    UnescapedChar(9999)
                      UnicodeHighChar(9999)
                        SPECIAL_0(9999): "ž", line: 1, col: 35
                  EscapedChar(9999)
                    UnescapedChar(9999)
                      UnicodeHighChar(9999)
                        SPECIAL_0(9999): "ą", line: 1, col: 36
                  EscapedChar(9999)
                    UnescapedChar(9999)
                      Letter(9999)
                        TOKEN_99(9999): "s", line: 1, col: 37
                  EscapedChar(9999)
                    UnescapedChar(9999)
                      Letter(9999)
                        TOKEN_89(9999): "i", line: 1, col: 38
                  EscapedChar(9999)
                    UnescapedChar(9999)
                      Letter(9999)
                        TOKEN_99(9999): "s", line: 1, col: 39
                  TOKEN_18(9999): """, line: 1, col: 40
        AND(9999)
          TOKEN_2(9999): "AND", line: 1, col: 42
        ExpressionClause(9999)
          ExpressionPhrase(9999)
            NOT(9999)
              TOKEN_11(9999): "NOT", line: 1, col: 46
            TOKEN_23(9999): "(", line: 1, col: 50
            Expression(9999)
              ExpressionClause(9999)
                ExpressionPhrase(9999)
                  Comparison(9999)
                    Identifier(9999)
                      Letter(9999)
                        TOKEN_104(9999): "x", line: 1, col: 52
                    ValueOpRhs(9999)
                      Operator(9999)
                        TOKEN_17(9999): "!", line: 1, col: 54
                        TOKEN_44(9999): "=", line: 1, col: 55
                      Value(9999)
                        String(9999)
                          TOKEN_18(9999): """, line: 1, col: 57
                          EscapedChar(9999)
                            UnescapedChar(9999)
                              Letter(9999)
                                TOKEN_66(9999): "S", line: 1, col: 58
                          EscapedChar(9999)
                            UnescapedChar(9999)
                              Letter(9999)
                                TOKEN_95(9999): "o", line: 1, col: 59
                          EscapedChar(9999)
                            UnescapedChar(9999)
                              Letter(9999)
                                TOKEN_93(9999): "m", line: 1, col: 60
                          EscapedChar(9999)
                            UnescapedChar(9999)
                              Letter(9999)
                                TOKEN_85(9999): "e", line: 1, col: 61
                          EscapedChar(9999)
                            TOKEN_75(9999): "\", line: 1, col: 63
                            TOKEN_75(9999): "\", line: 1, col: 64
                          EscapedChar(9999)
                            TOKEN_75(9999): "\", line: 1, col: 66
                            TOKEN_18(9999): """, line: 1, col: 67
                          EscapedChar(9999)
                            UnescapedChar(9999)
                              Letter(9999)
                                TOKEN_99(9999): "s", line: 1, col: 68
                          EscapedChar(9999)
                            UnescapedChar(9999)
                              Letter(9999)
                                TOKEN_100(9999): "t", line: 1, col: 69
                          EscapedChar(9999)
                            UnescapedChar(9999)
                              Letter(9999)
                                TOKEN_98(9999): "r", line: 1, col: 70
                          EscapedChar(9999)
                            UnescapedChar(9999)
                              Letter(9999)
                                TOKEN_89(9999): "i", line: 1, col: 71
                          EscapedChar(9999)
                            UnescapedChar(9999)
                              Letter(9999)
                                TOKEN_94(9999): "n", line: 1, col: 72
                          EscapedChar(9999)
                            UnescapedChar(9999)
                              Letter(9999)
                                TOKEN_87(9999): "g", line: 1, col: 73
                          EscapedChar(9999)
                            TOKEN_75(9999): "\", line: 1, col: 74
                            TOKEN_18(9999): """, line: 1, col: 75
                          TOKEN_18(9999): """, line: 1, col: 76
            TOKEN_24(9999): ")", line: 1, col: 78
