RUN /dev/fd/63
java -jar ./tests/tools/grammatiker/BNF/lib/lib/grammatica-20190513.jar tests/generated/Filter.g --parse /dev/fd/63
Parse tree from /dev/fd/63:
Filter(9999)
  Expression(9999)
    ExpressionClause(9999)
      ExpressionPhrase(9999)
        Comparison(9999)
          IdentifierFirstComparison(9999)
            Identifier(9999)
              LowercaseLetter(9999)
                TOKEN_68(9999): "c", line: 1, col: 1
              LowercaseLetter(9999)
                TOKEN_73(9999): "h", line: 1, col: 2
              LowercaseLetter(9999)
                TOKEN_70(9999): "e", line: 1, col: 3
              LowercaseLetter(9999)
                TOKEN_78(9999): "m", line: 1, col: 4
              LowercaseLetter(9999)
                TOKEN_74(9999): "i", line: 1, col: 5
              LowercaseLetter(9999)
                TOKEN_68(9999): "c", line: 1, col: 6
              LowercaseLetter(9999)
                TOKEN_66(9999): "a", line: 1, col: 7
              LowercaseLetter(9999)
                TOKEN_77(9999): "l", line: 1, col: 8
              LowercaseLetter(9999)
                TOKEN_64(9999): "_", line: 1, col: 9
              LowercaseLetter(9999)
                TOKEN_71(9999): "f", line: 1, col: 10
              LowercaseLetter(9999)
                TOKEN_80(9999): "o", line: 1, col: 11
              LowercaseLetter(9999)
                TOKEN_83(9999): "r", line: 1, col: 12
              LowercaseLetter(9999)
                TOKEN_78(9999): "m", line: 1, col: 13
              LowercaseLetter(9999)
                TOKEN_86(9999): "u", line: 1, col: 14
              LowercaseLetter(9999)
                TOKEN_77(9999): "l", line: 1, col: 15
              LowercaseLetter(9999)
                TOKEN_66(9999): "a", line: 1, col: 16
            ValueOpRhs(9999)
              Operator(9999)
                TOKEN_29(9999): "=", line: 1, col: 18
              Value(9999)
                String(9999)
                  TOKEN_3(9999): """, line: 1, col: 20
                  EscapedChar(9999)
                    UnescapedChar(9999)
                      Letter(9999)
                        UppercaseLetter(9999)
                          TOKEN_33(9999): "A", line: 1, col: 21
                  EscapedChar(9999)
                    UnescapedChar(9999)
                      Letter(9999)
                        LowercaseLetter(9999)
                          TOKEN_77(9999): "l", line: 1, col: 22
                  TOKEN_3(9999): """, line: 1, col: 23
Error: in /dev/fd/63: line 1:
    unexpected token "a", expected <EOF>
