RUN /dev/fd/63
java -jar ./tests/tools/grammatiker/BNF/lib/lib/grammatica-20190513.jar tests/generated/Filter.g --parse /dev/fd/63
Parse tree from /dev/fd/63:
Filter(9999)
  Expression(9999)
    ExpressionClause(9999)
      ExpressionPhrase(9999)
        TOKEN_24(9999): "(", line: 1, col: 1
        Expression(9999)
          ExpressionClause(9999)
            ExpressionPhrase(9999)
              TOKEN_24(9999): "(", line: 1, col: 2
              Expression(9999)
                ExpressionClause(9999)
                  ExpressionPhrase(9999)
                    NOT(9999)
                      TOKEN_11(9999): "NOT", line: 1, col: 3
                    TOKEN_24(9999): "(", line: 1, col: 7
                    Expression(9999)
                      ExpressionClause(9999)
                        ExpressionPhrase(9999)
                          Comparison(9999)
                            IdentifierFirstComparison(9999)
                              Identifier(9999)
                                Letter(9999)
                                  TOKEN_80(9999): "_", line: 1, col: 8
                                Letter(9999)
                                  TOKEN_86(9999): "e", line: 1, col: 9
                                Letter(9999)
                                  TOKEN_105(9999): "x", line: 1, col: 10
                                Letter(9999)
                                  TOKEN_94(9999): "m", line: 1, col: 11
                                Letter(9999)
                                  TOKEN_97(9999): "p", line: 1, col: 12
                                Letter(9999)
                                  TOKEN_93(9999): "l", line: 1, col: 13
                                Letter(9999)
                                  TOKEN_80(9999): "_", line: 1, col: 14
                                Letter(9999)
                                  TOKEN_82(9999): "a", line: 1, col: 15
                              ValueOpRhs(9999)
                                Operator(9999)
                                  TOKEN_46(9999): ">", line: 1, col: 16
                                Value(9999)
                                  Identifier(9999)
                                    Letter(9999)
                                      TOKEN_80(9999): "_", line: 1, col: 17
                                    Letter(9999)
                                      TOKEN_86(9999): "e", line: 1, col: 18
                                    Letter(9999)
                                      TOKEN_105(9999): "x", line: 1, col: 19
                                    Letter(9999)
                                      TOKEN_94(9999): "m", line: 1, col: 20
                                    Letter(9999)
                                      TOKEN_97(9999): "p", line: 1, col: 21
                                    Letter(9999)
                                      TOKEN_93(9999): "l", line: 1, col: 22
                                    Letter(9999)
                                      TOKEN_80(9999): "_", line: 1, col: 23
                                    Letter(9999)
                                      TOKEN_83(9999): "b", line: 1, col: 24
                    TOKEN_25(9999): ")", line: 1, col: 25
              TOKEN_25(9999): ")", line: 1, col: 26
            AND(9999)
              TOKEN_2(9999): "AND", line: 1, col: 28
            ExpressionClause(9999)
              ExpressionPhrase(9999)
                Comparison(9999)
                  IdentifierFirstComparison(9999)
                    Identifier(9999)
                      Letter(9999)
                        TOKEN_80(9999): "_", line: 1, col: 32
                      Letter(9999)
                        TOKEN_86(9999): "e", line: 1, col: 33
                      Letter(9999)
                        TOKEN_105(9999): "x", line: 1, col: 34
                      Letter(9999)
                        TOKEN_94(9999): "m", line: 1, col: 35
                      Letter(9999)
                        TOKEN_97(9999): "p", line: 1, col: 36
                      Letter(9999)
                        TOKEN_93(9999): "l", line: 1, col: 37
                      Letter(9999)
                        TOKEN_80(9999): "_", line: 1, col: 38
                      Letter(9999)
                        TOKEN_105(9999): "x", line: 1, col: 39
                    ValueOpRhs(9999)
                      Operator(9999)
                        TOKEN_46(9999): ">", line: 1, col: 40
                      Value(9999)
                        Number(9999)
                          Digits(9999)
                            Digit(9999)
                              TOKEN_32(9999): "0", line: 1, col: 41
        TOKEN_25(9999): ")", line: 1, col: 42
