RUN /dev/fd/63
java -jar ./tests/tools/grammatiker/BNF/lib/lib/grammatica-20190513.jar tests/generated/Filter.g --parse /dev/fd/63
Parse tree from /dev/fd/63:
Filter(9999)
  Expression(9999)
    ExpressionClause(9999)
      ExpressionPhrase(9999)
        Comparison(9999)
          Identifier(9999)
            Letter(9999)
              TOKEN_85(9999): "e", line: 1, col: 1
            Letter(9999)
              TOKEN_92(9999): "l", line: 1, col: 2
            Letter(9999)
              TOKEN_85(9999): "e", line: 1, col: 3
            Letter(9999)
              TOKEN_93(9999): "m", line: 1, col: 4
            Letter(9999)
              TOKEN_85(9999): "e", line: 1, col: 5
            Letter(9999)
              TOKEN_94(9999): "n", line: 1, col: 6
            Letter(9999)
              TOKEN_100(9999): "t", line: 1, col: 7
            Letter(9999)
              TOKEN_99(9999): "s", line: 1, col: 8
          SetZipOpRhs(9999)
            IdentifierZipAddon(9999)
              TOKEN_41(9999): ":", line: 1, col: 9
              Identifier(9999)
                Letter(9999)
                  TOKEN_85(9999): "e", line: 1, col: 10
                Letter(9999)
                  TOKEN_92(9999): "l", line: 1, col: 11
                Letter(9999)
                  TOKEN_85(9999): "e", line: 1, col: 12
                Letter(9999)
                  TOKEN_93(9999): "m", line: 1, col: 13
                Letter(9999)
                  TOKEN_85(9999): "e", line: 1, col: 14
                Letter(9999)
                  TOKEN_94(9999): "n", line: 1, col: 15
                Letter(9999)
                  TOKEN_100(9999): "t", line: 1, col: 16
                Letter(9999)
                  TOKEN_99(9999): "s", line: 1, col: 17
              TOKEN_41(9999): ":", line: 1, col: 18
              Identifier(9999)
                Letter(9999)
                  TOKEN_85(9999): "e", line: 1, col: 19
                Letter(9999)
                  TOKEN_92(9999): "l", line: 1, col: 20
                Letter(9999)
                  TOKEN_85(9999): "e", line: 1, col: 21
                Letter(9999)
                  TOKEN_93(9999): "m", line: 1, col: 22
                Letter(9999)
                  TOKEN_85(9999): "e", line: 1, col: 23
                Letter(9999)
                  TOKEN_94(9999): "n", line: 1, col: 24
                Letter(9999)
                  TOKEN_100(9999): "t", line: 1, col: 25
                Letter(9999)
                  TOKEN_79(9999): "_", line: 1, col: 26
                Letter(9999)
                  TOKEN_83(9999): "c", line: 1, col: 27
                Letter(9999)
                  TOKEN_95(9999): "o", line: 1, col: 28
                Letter(9999)
                  TOKEN_101(9999): "u", line: 1, col: 29
                Letter(9999)
                  TOKEN_94(9999): "n", line: 1, col: 30
                Letter(9999)
                  TOKEN_100(9999): "t", line: 1, col: 31
                Letter(9999)
                  TOKEN_99(9999): "s", line: 1, col: 32
            HAS(9999)
              TOKEN_7(9999): "HAS", line: 1, col: 34
            ValueZip(9999)
              Value(9999)
                String(9999)
                  TOKEN_18(9999): """, line: 1, col: 38
                  EscapedChar(9999)
                    UnescapedChar(9999)
                      Letter(9999)
                        TOKEN_55(9999): "H", line: 1, col: 39
                  TOKEN_18(9999): """, line: 1, col: 40
              TOKEN_41(9999): ":", line: 1, col: 41
              Value(9999)
                Number(9999)
                  Digits(9999)
                    Digit(9999)
                      TOKEN_37(9999): "6", line: 1, col: 42
