ident
_ident_
id234
id_id
name_1234
__cell_length__
